Archive member included to satisfy reference by file (symbol)

/usr/lib/gcc/arm-none-eabi/6.3.1/../../../arm-none-eabi/lib/thumb/v7e-m/fpv4-sp/hard/libc_nano.a(lib_a-atexit.o)
                              /usr/lib/gcc/arm-none-eabi/6.3.1/../../../arm-none-eabi/lib/thumb/v7e-m/fpv4-sp/hard/crt0.o (atexit)
/usr/lib/gcc/arm-none-eabi/6.3.1/../../../arm-none-eabi/lib/thumb/v7e-m/fpv4-sp/hard/libc_nano.a(lib_a-exit.o)
                              /usr/lib/gcc/arm-none-eabi/6.3.1/../../../arm-none-eabi/lib/thumb/v7e-m/fpv4-sp/hard/crt0.o (exit)
/usr/lib/gcc/arm-none-eabi/6.3.1/../../../arm-none-eabi/lib/thumb/v7e-m/fpv4-sp/hard/libc_nano.a(lib_a-fini.o)
                              /usr/lib/gcc/arm-none-eabi/6.3.1/../../../arm-none-eabi/lib/thumb/v7e-m/fpv4-sp/hard/crt0.o (__libc_fini_array)
/usr/lib/gcc/arm-none-eabi/6.3.1/../../../arm-none-eabi/lib/thumb/v7e-m/fpv4-sp/hard/libc_nano.a(lib_a-impure.o)
                              /usr/lib/gcc/arm-none-eabi/6.3.1/../../../arm-none-eabi/lib/thumb/v7e-m/fpv4-sp/hard/libc_nano.a(lib_a-exit.o) (_global_impure_ptr)
/usr/lib/gcc/arm-none-eabi/6.3.1/../../../arm-none-eabi/lib/thumb/v7e-m/fpv4-sp/hard/libc_nano.a(lib_a-init.o)
                              /usr/lib/gcc/arm-none-eabi/6.3.1/../../../arm-none-eabi/lib/thumb/v7e-m/fpv4-sp/hard/crt0.o (__libc_init_array)
/usr/lib/gcc/arm-none-eabi/6.3.1/../../../arm-none-eabi/lib/thumb/v7e-m/fpv4-sp/hard/libc_nano.a(lib_a-memset.o)
                              /usr/lib/gcc/arm-none-eabi/6.3.1/../../../arm-none-eabi/lib/thumb/v7e-m/fpv4-sp/hard/crt0.o (memset)
/usr/lib/gcc/arm-none-eabi/6.3.1/../../../arm-none-eabi/lib/thumb/v7e-m/fpv4-sp/hard/libc_nano.a(lib_a-__atexit.o)
                              /usr/lib/gcc/arm-none-eabi/6.3.1/../../../arm-none-eabi/lib/thumb/v7e-m/fpv4-sp/hard/libc_nano.a(lib_a-atexit.o) (__register_exitproc)
/usr/lib/gcc/arm-none-eabi/6.3.1/../../../arm-none-eabi/lib/thumb/v7e-m/fpv4-sp/hard/libc_nano.a(lib_a-__call_atexit.o)
                              /usr/lib/gcc/arm-none-eabi/6.3.1/../../../arm-none-eabi/lib/thumb/v7e-m/fpv4-sp/hard/libc_nano.a(lib_a-__atexit.o) (__call_exitprocs)
/usr/lib/gcc/arm-none-eabi/6.3.1/../../../arm-none-eabi/lib/thumb/v7e-m/fpv4-sp/hard/libnosys.a(_exit.o)
                              /usr/lib/gcc/arm-none-eabi/6.3.1/../../../arm-none-eabi/lib/thumb/v7e-m/fpv4-sp/hard/libc_nano.a(lib_a-exit.o) (_exit)
/usr/lib/gcc/arm-none-eabi/6.3.1/thumb/v7e-m/fpv4-sp/hard/libgcc.a(_aeabi_uldivmod.o)
                              build/stm32l4xx_hal_uart.o (__aeabi_uldivmod)
/usr/lib/gcc/arm-none-eabi/6.3.1/thumb/v7e-m/fpv4-sp/hard/libgcc.a(_udivmoddi4.o)
                              /usr/lib/gcc/arm-none-eabi/6.3.1/thumb/v7e-m/fpv4-sp/hard/libgcc.a(_aeabi_uldivmod.o) (__udivmoddi4)
/usr/lib/gcc/arm-none-eabi/6.3.1/thumb/v7e-m/fpv4-sp/hard/libgcc.a(_dvmd_tls.o)
                              /usr/lib/gcc/arm-none-eabi/6.3.1/thumb/v7e-m/fpv4-sp/hard/libgcc.a(_aeabi_uldivmod.o) (__aeabi_ldiv0)

Allocating common symbols
Common symbol       size              file

hi2c1               0x4c              build/i2c.o
uwTick              0x4               build/stm32l4xx_hal.o
hadc1               0x64              build/adc.o
huart1              0x80              build/usart.o
hspi1               0x64              build/spi.o
htim2               0x40              build/tim.o
hsai_BlockA1        0x84              build/sai.o
huart2              0x80              build/usart.o
hdma_spi1_tx        0x48              build/spi.o
hqspi               0x4c              build/quadspi.o

Discarded input sections

 .text          0x0000000000000000        0x0 /usr/lib/gcc/arm-none-eabi/6.3.1/thumb/v7e-m/fpv4-sp/hard/crti.o
 .data          0x0000000000000000        0x0 /usr/lib/gcc/arm-none-eabi/6.3.1/thumb/v7e-m/fpv4-sp/hard/crti.o
 .bss           0x0000000000000000        0x0 /usr/lib/gcc/arm-none-eabi/6.3.1/thumb/v7e-m/fpv4-sp/hard/crti.o
 .data          0x0000000000000000        0x4 /usr/lib/gcc/arm-none-eabi/6.3.1/thumb/v7e-m/fpv4-sp/hard/crtbegin.o
 .text          0x0000000000000000       0x68 /usr/lib/gcc/arm-none-eabi/6.3.1/../../../arm-none-eabi/lib/thumb/v7e-m/fpv4-sp/hard/crt0.o
 .data          0x0000000000000000        0x0 /usr/lib/gcc/arm-none-eabi/6.3.1/../../../arm-none-eabi/lib/thumb/v7e-m/fpv4-sp/hard/crt0.o
 .bss           0x0000000000000000        0x0 /usr/lib/gcc/arm-none-eabi/6.3.1/../../../arm-none-eabi/lib/thumb/v7e-m/fpv4-sp/hard/crt0.o
 .ARM.extab     0x0000000000000000        0x0 /usr/lib/gcc/arm-none-eabi/6.3.1/../../../arm-none-eabi/lib/thumb/v7e-m/fpv4-sp/hard/crt0.o
 .ARM.exidx     0x0000000000000000        0x8 /usr/lib/gcc/arm-none-eabi/6.3.1/../../../arm-none-eabi/lib/thumb/v7e-m/fpv4-sp/hard/crt0.o
 .debug_line    0x0000000000000000       0x87 /usr/lib/gcc/arm-none-eabi/6.3.1/../../../arm-none-eabi/lib/thumb/v7e-m/fpv4-sp/hard/crt0.o
[...]
Memory Configuration

Name             Origin             Length             Attributes
RAM              0x0000000020000000 0x0000000000010000 xrw
FLASH            0x0000000008000000 0x0000000000020000 xr
*default*        0x0000000000000000 0xffffffffffffffff

Linker script and memory map

LOAD /usr/lib/gcc/arm-none-eabi/6.3.1/thumb/v7e-m/fpv4-sp/hard/crti.o
LOAD /usr/lib/gcc/arm-none-eabi/6.3.1/thumb/v7e-m/fpv4-sp/hard/crtbegin.o
LOAD /usr/lib/gcc/arm-none-eabi/6.3.1/../../../arm-none-eabi/lib/thumb/v7e-m/fpv4-sp/hard/crt0.o
LOAD build/stm32l4xx_hal_adc.o
LOAD build/stm32l4xx_hal_adc_ex.o
LOAD build/stm32l4xx_hal_i2c.o
LOAD build/stm32l4xx_hal_i2c_ex.o
LOAD build/stm32l4xx_hal_qspi.o
LOAD build/stm32l4xx_hal_sai.o
LOAD build/stm32l4xx_hal_sai_ex.o
LOAD build/stm32l4xx_hal_spi.o
LOAD build/stm32l4xx_hal_spi_ex.o
LOAD build/stm32l4xx_hal_tim.o
LOAD build/stm32l4xx_hal_tim_ex.o
LOAD build/stm32l4xx_hal_uart.o
LOAD build/stm32l4xx_hal_uart_ex.o
LOAD build/stm32l4xx_hal.o
LOAD build/stm32l4xx_hal_rcc.o
LOAD build/stm32l4xx_hal_rcc_ex.o
LOAD build/stm32l4xx_hal_flash.o
LOAD build/stm32l4xx_hal_flash_ex.o
LOAD build/stm32l4xx_hal_flash_ramfunc.o
LOAD build/stm32l4xx_hal_gpio.o
LOAD build/stm32l4xx_hal_dma.o
LOAD build/stm32l4xx_hal_dma_ex.o
LOAD build/stm32l4xx_hal_pwr.o
LOAD build/stm32l4xx_hal_pwr_ex.o
LOAD build/stm32l4xx_hal_cortex.o
LOAD build/stm32l4xx_hal_exti.o
LOAD build/stm32l4xx_it.o
LOAD build/stm32l4xx_hal_msp.o
LOAD build/system_stm32l4xx.o
LOAD build/gpio.o
LOAD build/adc.o
LOAD build/i2c.o
LOAD build/quadspi.o
LOAD build/sai.o
LOAD build/spi.o
LOAD build/tim.o
LOAD build/usart.o
LOAD build/dma.o
LOAD build/main.o
LOAD build/startup_stm32l433xx.o
LOAD /usr/lib/gcc/arm-none-eabi/6.3.1/../../../arm-none-eabi/lib/thumb/v7e-m/fpv4-sp/hard/libc_nano.a
LOAD /usr/lib/gcc/arm-none-eabi/6.3.1/../../../arm-none-eabi/lib/thumb/v7e-m/fpv4-sp/hard/libm.a
LOAD /usr/lib/gcc/arm-none-eabi/6.3.1/../../../arm-none-eabi/lib/thumb/v7e-m/fpv4-sp/hard/libnosys.a
START GROUP
LOAD /usr/lib/gcc/arm-none-eabi/6.3.1/thumb/v7e-m/fpv4-sp/hard/libgcc.a
LOAD /usr/lib/gcc/arm-none-eabi/6.3.1/../../../arm-none-eabi/lib/thumb/v7e-m/fpv4-sp/hard/libc_nano.a
END GROUP
START GROUP
LOAD /usr/lib/gcc/arm-none-eabi/6.3.1/thumb/v7e-m/fpv4-sp/hard/libgcc.a
LOAD /usr/lib/gcc/arm-none-eabi/6.3.1/../../../arm-none-eabi/lib/thumb/v7e-m/fpv4-sp/hard/libc_nano.a
END GROUP
LOAD /usr/lib/gcc/arm-none-eabi/6.3.1/thumb/v7e-m/fpv4-sp/hard/crtend.o
LOAD /usr/lib/gcc/arm-none-eabi/6.3.1/thumb/v7e-m/fpv4-sp/hard/crtn.o
                0x0000000020010000                _estack = 0x20010000
                0x0000000000000200                _Min_Heap_Size = 0x200
                0x0000000000000400                _Min_Stack_Size = 0x400

.isr_vector     0x0000000008000000      0x190
                0x0000000008000000                . = ALIGN (0x8)
 *(.isr_vector)
 .isr_vector    0x0000000008000000      0x18c build/startup_stm32l433xx.o
                0x0000000008000000                g_pfnVectors
                0x0000000008000190                . = ALIGN (0x8)
 *fill*         0x000000000800018c        0x4 

.text           0x0000000008000190     0x5888
                0x0000000008000190                . = ALIGN (0x8)
 *(.text)
 .text          0x0000000008000190       0xa4 /usr/lib/gcc/arm-none-eabi/6.3.1/thumb/v7e-m/fpv4-sp/hard/crtbegin.o
 .text          0x0000000008000234       0x48 /usr/lib/gcc/arm-none-eabi/6.3.1/../../../arm-none-eabi/lib/thumb/v7e-m/fpv4-sp/hard/libc_nano.a(lib_a-init.o)
                0x0000000008000234                __libc_init_array
 .text          0x000000000800027c       0x94 /usr/lib/gcc/arm-none-eabi/6.3.1/../../../arm-none-eabi/lib/thumb/v7e-m/fpv4-sp/hard/libc_nano.a(lib_a-memset.o)
                0x000000000800027c                memset
 .text          0x0000000008000310       0x30 /usr/lib/gcc/arm-none-eabi/6.3.1/thumb/v7e-m/fpv4-sp/hard/libgcc.a(_aeabi_uldivmod.o)
                0x0000000008000310                __aeabi_uldivmod
 .text          0x0000000008000340      0x2dc /usr/lib/gcc/arm-none-eabi/6.3.1/thumb/v7e-m/fpv4-sp/hard/libgcc.a(_udivmoddi4.o)
                0x0000000008000340                __udivmoddi4
 .text          0x000000000800061c        0x4 /usr/lib/gcc/arm-none-eabi/6.3.1/thumb/v7e-m/fpv4-sp/hard/libgcc.a(_dvmd_tls.o)
                0x000000000800061c                __aeabi_ldiv0
                0x000000000800061c                __aeabi_idiv0
 *(.text*)
 .text.HAL_ADC_Init
                0x0000000008000620      0x4b4 build/stm32l4xx_hal_adc.o
                0x0000000008000620                HAL_ADC_Init
 .text.HAL_ADC_ConfigChannel
                0x0000000008000ad4      0x718 build/stm32l4xx_hal_adc.o
                0x0000000008000ad4                HAL_ADC_ConfigChannel
 .text.HAL_I2C_Init
                0x00000000080011ec      0x170 build/stm32l4xx_hal_i2c.o
                0x00000000080011ec                HAL_I2C_Init
 .text.HAL_I2CEx_ConfigAnalogFilter
                0x000000000800135c       0x98 build/stm32l4xx_hal_i2c_ex.o
                0x000000000800135c                HAL_I2CEx_ConfigAnalogFilter
 .text.HAL_I2CEx_ConfigDigitalFilter
                0x00000000080013f4       0x94 build/stm32l4xx_hal_i2c_ex.o
                0x00000000080013f4                HAL_I2CEx_ConfigDigitalFilter
 .text.QSPI_WaitFlagStateUntilTimeout
                0x0000000008001488       0x4e build/stm32l4xx_hal_qspi.o
 .text.HAL_QSPI_SetTimeout
                0x00000000080014d6        0x4 build/stm32l4xx_hal_qspi.o
                0x00000000080014d6                HAL_QSPI_SetTimeout
 *fill*         0x00000000080014da        0x2 
 .text.HAL_QSPI_Init
                0x00000000080014dc      0x1ac build/stm32l4xx_hal_qspi.o
                0x00000000080014dc                HAL_QSPI_Init
 .text.SAI_InitI2S
                0x0000000008001688       0xce build/stm32l4xx_hal_sai.o
 .text.SAI_InitPCM
                0x0000000008001756       0x98 build/stm32l4xx_hal_sai.o
 *fill*         0x00000000080017ee        0x2 
 .text.SAI_Disable
                0x00000000080017f0       0x44 build/stm32l4xx_hal_sai.o
 .text.HAL_SAI_Init
                0x0000000008001834      0x424 build/stm32l4xx_hal_sai.o
                0x0000000008001834                HAL_SAI_Init
 .text.HAL_SAI_InitProtocol
                0x0000000008001c58       0x68 build/stm32l4xx_hal_sai.o
                0x0000000008001c58                HAL_SAI_InitProtocol
 .text.HAL_SPI_Init
                0x0000000008001cc0      0x20c build/stm32l4xx_hal_spi.o
                0x0000000008001cc0                HAL_SPI_Init
 .text.TIM_OC5_SetConfig
                0x0000000008001ecc       0x5c build/stm32l4xx_hal_tim.o
 .text.TIM_OC6_SetConfig
                0x0000000008001f28       0x5c build/stm32l4xx_hal_tim.o
 .text.TIM_OC1_SetConfig
                0x0000000008001f84       0xcc build/stm32l4xx_hal_tim.o
 .text.TIM_OC3_SetConfig
                0x0000000008002050       0xc4 build/stm32l4xx_hal_tim.o
 .text.TIM_OC4_SetConfig
                0x0000000008002114       0x80 build/stm32l4xx_hal_tim.o
 .text.TIM_Base_SetConfig
                0x0000000008002194       0x78 build/stm32l4xx_hal_tim.o
                0x0000000008002194                TIM_Base_SetConfig
 .text.HAL_TIM_PWM_Init
                0x000000000800220c       0xc0 build/stm32l4xx_hal_tim.o
                0x000000000800220c                HAL_TIM_PWM_Init
 .text.TIM_OC2_SetConfig
                0x00000000080022cc       0xc4 build/stm32l4xx_hal_tim.o
                0x00000000080022cc                TIM_OC2_SetConfig
 .text.HAL_TIM_PWM_ConfigChannel
                0x0000000008002390      0x274 build/stm32l4xx_hal_tim.o
                0x0000000008002390                HAL_TIM_PWM_ConfigChannel
 .text.HAL_TIMEx_MasterConfigSynchronization
                0x0000000008002604      0x138 build/stm32l4xx_hal_tim_ex.o
                0x0000000008002604                HAL_TIMEx_MasterConfigSynchronization
 .text.UART_SetConfig
                0x000000000800273c      0x488 build/stm32l4xx_hal_uart.o
                0x000000000800273c                UART_SetConfig
 .text.UART_AdvFeatureConfig
                0x0000000008002bc4      0x1cc build/stm32l4xx_hal_uart.o
                0x0000000008002bc4                UART_AdvFeatureConfig
 .text.UART_WaitOnFlagUntilTimeout
                0x0000000008002d90       0x62 build/stm32l4xx_hal_uart.o
                0x0000000008002d90                UART_WaitOnFlagUntilTimeout
 .text.UART_CheckIdleState
                0x0000000008002df2       0x6c build/stm32l4xx_hal_uart.o
                0x0000000008002df2                UART_CheckIdleState
 *fill*         0x0000000008002e5e        0x2 
 .text.HAL_UART_Init
                0x0000000008002e60       0xd0 build/stm32l4xx_hal_uart.o
                0x0000000008002e60                HAL_UART_Init
 .text.HAL_InitTick
                0x0000000008002f30       0x50 build/stm32l4xx_hal.o
                0x0000000008002f30                HAL_InitTick
 .text.HAL_Init
                0x0000000008002f80       0x1e build/stm32l4xx_hal.o
                0x0000000008002f80                HAL_Init
 *fill*         0x0000000008002f9e        0x2 
 .text.HAL_IncTick
                0x0000000008002fa0       0x18 build/stm32l4xx_hal.o
                0x0000000008002fa0                HAL_IncTick
 .text.HAL_GetTick
                0x0000000008002fb8        0xc build/stm32l4xx_hal.o
                0x0000000008002fb8                HAL_GetTick
 .text.RCC_SetFlashLatencyFromMSIRange
                0x0000000008002fc4       0x90 build/stm32l4xx_hal_rcc.o
 .text.HAL_RCC_GetSysClockFreq
                0x0000000008003054       0xb4 build/stm32l4xx_hal_rcc.o
                0x0000000008003054                HAL_RCC_GetSysClockFreq
 .text.HAL_RCC_OscConfig
                0x0000000008003108      0x7d8 build/stm32l4xx_hal_rcc.o
                0x0000000008003108                HAL_RCC_OscConfig
 .text.HAL_RCC_ClockConfig
                0x00000000080038e0      0x210 build/stm32l4xx_hal_rcc.o
                0x00000000080038e0                HAL_RCC_ClockConfig
 .text.HAL_RCC_GetHCLKFreq
                0x0000000008003af0        0xc build/stm32l4xx_hal_rcc.o
                0x0000000008003af0                HAL_RCC_GetHCLKFreq
 .text.HAL_RCC_GetPCLK1Freq
                0x0000000008003afc       0x24 build/stm32l4xx_hal_rcc.o
                0x0000000008003afc                HAL_RCC_GetPCLK1Freq
 .text.HAL_RCC_GetPCLK2Freq
                0x0000000008003b20       0x24 build/stm32l4xx_hal_rcc.o
                0x0000000008003b20                HAL_RCC_GetPCLK2Freq
 .text.RCCEx_GetSAIxPeriphCLKFreq
                0x0000000008003b44       0xe4 build/stm32l4xx_hal_rcc_ex.o
 .text.RCCEx_PLLSAI1_Config
                0x0000000008003c28      0x228 build/stm32l4xx_hal_rcc_ex.o
 .text.HAL_RCCEx_PeriphCLKConfig
                0x0000000008003e50      0x560 build/stm32l4xx_hal_rcc_ex.o
                0x0000000008003e50                HAL_RCCEx_PeriphCLKConfig
 .text.HAL_RCCEx_GetPeriphCLKFreq
                0x00000000080043b0      0x618 build/stm32l4xx_hal_rcc_ex.o
                0x00000000080043b0                HAL_RCCEx_GetPeriphCLKFreq
 .text.HAL_GPIO_Init
                0x00000000080049c8      0x2bc build/stm32l4xx_hal_gpio.o
                0x00000000080049c8                HAL_GPIO_Init
 .text.HAL_GPIO_WritePin
                0x0000000008004c84       0x34 build/stm32l4xx_hal_gpio.o
                0x0000000008004c84                HAL_GPIO_WritePin
 .text.HAL_DMA_Init
                0x0000000008004cb8      0x20c build/stm32l4xx_hal_dma.o
                0x0000000008004cb8                HAL_DMA_Init
 .text.HAL_DMA_IRQHandler
                0x0000000008004ec4       0xc2 build/stm32l4xx_hal_dma.o
                0x0000000008004ec4                HAL_DMA_IRQHandler
 *fill*         0x0000000008004f86        0x2 
 .text.HAL_PWREx_GetVoltageRange
                0x0000000008004f88       0x10 build/stm32l4xx_hal_pwr_ex.o
                0x0000000008004f88                HAL_PWREx_GetVoltageRange
 .text.HAL_PWREx_ControlVoltageScaling
                0x0000000008004f98       0xac build/stm32l4xx_hal_pwr_ex.o
                0x0000000008004f98                HAL_PWREx_ControlVoltageScaling
 .text.HAL_NVIC_SetPriorityGrouping
                0x0000000008005044       0x3c build/stm32l4xx_hal_cortex.o
                0x0000000008005044                HAL_NVIC_SetPriorityGrouping
 .text.HAL_NVIC_SetPriority
                0x0000000008005080       0x88 build/stm32l4xx_hal_cortex.o
                0x0000000008005080                HAL_NVIC_SetPriority
 .text.HAL_SYSTICK_Config
                0x0000000008005108       0x2c build/stm32l4xx_hal_cortex.o
                0x0000000008005108                HAL_SYSTICK_Config
 .text.NMI_Handler
                0x0000000008005134        0x2 build/stm32l4xx_it.o
                0x0000000008005134                NMI_Handler
 .text.HardFault_Handler
                0x0000000008005136        0x2 build/stm32l4xx_it.o
                0x0000000008005136                HardFault_Handler
 .text.MemManage_Handler
                0x0000000008005138        0x2 build/stm32l4xx_it.o
                0x0000000008005138                MemManage_Handler
 .text.BusFault_Handler
                0x000000000800513a        0x2 build/stm32l4xx_it.o
                0x000000000800513a                BusFault_Handler
 .text.UsageFault_Handler
                0x000000000800513c        0x2 build/stm32l4xx_it.o
                0x000000000800513c                UsageFault_Handler
 .text.SVC_Handler
                0x000000000800513e        0x2 build/stm32l4xx_it.o
                0x000000000800513e                SVC_Handler
 .text.DebugMon_Handler
                0x0000000008005140        0x2 build/stm32l4xx_it.o
                0x0000000008005140                DebugMon_Handler
 .text.PendSV_Handler
                0x0000000008005142        0x2 build/stm32l4xx_it.o
                0x0000000008005142                PendSV_Handler
 .text.SysTick_Handler
                0x0000000008005144        0x8 build/stm32l4xx_it.o
                0x0000000008005144                SysTick_Handler
 .text.DMA1_Channel3_IRQHandler
                0x000000000800514c       0x10 build/stm32l4xx_it.o
                0x000000000800514c                DMA1_Channel3_IRQHandler
 .text.HAL_MspInit
                0x000000000800515c       0x30 build/stm32l4xx_hal_msp.o
                0x000000000800515c                HAL_MspInit
 .text.SystemInit
                0x000000000800518c       0x48 build/system_stm32l4xx.o
                0x000000000800518c                SystemInit
 .text.MX_GPIO_Init
                0x00000000080051d4       0xe4 build/gpio.o
                0x00000000080051d4                MX_GPIO_Init
 .text.MX_ADC1_Init
                0x00000000080052b8       0x84 build/adc.o
                0x00000000080052b8                MX_ADC1_Init
 .text.HAL_ADC_MspInit
                0x000000000800533c       0x30 build/adc.o
                0x000000000800533c                HAL_ADC_MspInit
 .text.MX_I2C1_Init
                0x000000000800536c       0x60 build/i2c.o
                0x000000000800536c                MX_I2C1_Init
 .text.HAL_I2C_MspInit
                0x00000000080053cc       0x6c build/i2c.o
                0x00000000080053cc                HAL_I2C_MspInit
 .text.MX_QUADSPI_Init
                0x0000000008005438       0x34 build/quadspi.o
                0x0000000008005438                MX_QUADSPI_Init
 .text.HAL_QSPI_MspInit
                0x000000000800546c       0x98 build/quadspi.o
                0x000000000800546c                HAL_QSPI_MspInit
 .text.MX_SAI1_Init
                0x0000000008005504       0x40 build/sai.o
                0x0000000008005504                MX_SAI1_Init
 .text.HAL_SAI_MspInit
                0x0000000008005544       0x60 build/sai.o
                0x0000000008005544                HAL_SAI_MspInit
 .text.MX_SPI1_Init
                0x00000000080055a4       0x4c build/spi.o
                0x00000000080055a4                MX_SPI1_Init
 .text.HAL_SPI_MspInit
                0x00000000080055f0       0xa0 build/spi.o
                0x00000000080055f0                HAL_SPI_MspInit
 .text.HAL_TIM_PWM_MspInit
                0x0000000008005690       0x26 build/tim.o
                0x0000000008005690                HAL_TIM_PWM_MspInit
 .text.HAL_TIM_MspPostInit
                0x00000000080056b6       0x4e build/tim.o
                0x00000000080056b6                HAL_TIM_MspPostInit
 .text.MX_TIM2_Init
                0x0000000008005704       0x7c build/tim.o
                0x0000000008005704                MX_TIM2_Init
 .text.MX_USART1_UART_Init
                0x0000000008005780       0x38 build/usart.o
                0x0000000008005780                MX_USART1_UART_Init
 .text.MX_USART2_UART_Init
                0x00000000080057b8       0x38 build/usart.o
                0x00000000080057b8                MX_USART2_UART_Init
 .text.HAL_UART_MspInit
                0x00000000080057f0       0xb8 build/usart.o
                0x00000000080057f0                HAL_UART_MspInit
 .text.MX_DMA_Init
                0x00000000080058a8       0x20 build/dma.o
                0x00000000080058a8                MX_DMA_Init
 .text.SystemClock_Config
                0x00000000080058c8       0xa8 build/main.o
                0x00000000080058c8                SystemClock_Config
 .text.main     0x0000000008005970       0x34 build/main.o
                0x0000000008005970                main
 .text.Error_Handler
                0x00000000080059a4        0x2 build/main.o
                0x00000000080059a4                Error_Handler
 .text.assert_failed
                0x00000000080059a6        0x2 build/main.o
                0x00000000080059a6                assert_failed
 .text.Reset_Handler
                0x00000000080059a8       0x50 build/startup_stm32l433xx.o
                0x00000000080059a8                Reset_Handler
 .text.Default_Handler
                0x00000000080059f8        0x2 build/startup_stm32l433xx.o
                0x00000000080059f8                RTC_Alarm_IRQHandler
                0x00000000080059f8                EXTI2_IRQHandler
                0x00000000080059f8                TIM1_CC_IRQHandler
                0x00000000080059f8                TSC_IRQHandler
                0x00000000080059f8                TAMP_STAMP_IRQHandler
                0x00000000080059f8                EXTI3_IRQHandler
                0x00000000080059f8                LPTIM2_IRQHandler
                0x00000000080059f8                I2C3_ER_IRQHandler
                0x00000000080059f8                EXTI0_IRQHandler
                0x00000000080059f8                I2C2_EV_IRQHandler
                0x00000000080059f8                CAN1_RX0_IRQHandler
                0x00000000080059f8                FPU_IRQHandler
                0x00000000080059f8                TIM1_UP_TIM16_IRQHandler
                0x00000000080059f8                SPI1_IRQHandler
                0x00000000080059f8                TIM6_DAC_IRQHandler
                0x00000000080059f8                DMA2_Channel2_IRQHandler
                0x00000000080059f8                DMA1_Channel4_IRQHandler
                0x00000000080059f8                ADC1_IRQHandler
                0x00000000080059f8                USART3_IRQHandler
                0x00000000080059f8                DMA1_Channel7_IRQHandler
                0x00000000080059f8                CAN1_RX1_IRQHandler
                0x00000000080059f8                LCD_IRQHandler
                0x00000000080059f8                DMA2_Channel1_IRQHandler
                0x00000000080059f8                QUADSPI_IRQHandler
                0x00000000080059f8                I2C1_EV_IRQHandler
                0x00000000080059f8                DMA1_Channel6_IRQHandler
                0x00000000080059f8                DMA2_Channel4_IRQHandler
                0x00000000080059f8                RCC_IRQHandler
                0x00000000080059f8                TIM1_TRG_COM_IRQHandler
                0x00000000080059f8                DMA1_Channel1_IRQHandler
                0x00000000080059f8                Default_Handler
                0x00000000080059f8                DMA2_Channel7_IRQHandler
                0x00000000080059f8                EXTI15_10_IRQHandler
                0x00000000080059f8                TIM7_IRQHandler
                0x00000000080059f8                SDMMC1_IRQHandler
                0x00000000080059f8                I2C3_EV_IRQHandler
                0x00000000080059f8                USB_IRQHandler
                0x00000000080059f8                EXTI9_5_IRQHandler
                0x00000000080059f8                RTC_WKUP_IRQHandler
                0x00000000080059f8                PVD_PVM_IRQHandler
                0x00000000080059f8                SPI2_IRQHandler
                0x00000000080059f8                CAN1_TX_IRQHandler
                0x00000000080059f8                DMA2_Channel5_IRQHandler
                0x00000000080059f8                CRS_IRQHandler
                0x00000000080059f8                DMA1_Channel5_IRQHandler
                0x00000000080059f8                EXTI4_IRQHandler
                0x00000000080059f8                RNG_IRQHandler
                0x00000000080059f8                COMP_IRQHandler
                0x00000000080059f8                WWDG_IRQHandler
                0x00000000080059f8                LPUART1_IRQHandler
                0x00000000080059f8                DMA2_Channel6_IRQHandler
                0x00000000080059f8                TIM2_IRQHandler
                0x00000000080059f8                EXTI1_IRQHandler
                0x00000000080059f8                USART2_IRQHandler
                0x00000000080059f8                I2C2_ER_IRQHandler
                0x00000000080059f8                DMA1_Channel2_IRQHandler
                0x00000000080059f8                CAN1_SCE_IRQHandler
                0x00000000080059f8                FLASH_IRQHandler
                0x00000000080059f8                USART1_IRQHandler
                0x00000000080059f8                SPI3_IRQHandler
                0x00000000080059f8                I2C1_ER_IRQHandler
                0x00000000080059f8                SWPMI1_IRQHandler
                0x00000000080059f8                LPTIM1_IRQHandler
                0x00000000080059f8                SAI1_IRQHandler
                0x00000000080059f8                DMA2_Channel3_IRQHandler
                0x00000000080059f8                TIM1_BRK_TIM15_IRQHandler
 *(.glue_7)
 .glue_7        0x00000000080059fa        0x0 linker stubs
 *(.glue_7t)
 .glue_7t       0x00000000080059fa        0x0 linker stubs
 *(.eh_frame)
 *fill*         0x00000000080059fa        0x2 
 .eh_frame      0x00000000080059fc        0x0 /usr/lib/gcc/arm-none-eabi/6.3.1/thumb/v7e-m/fpv4-sp/hard/crtbegin.o
 *(.init)
 .init          0x00000000080059fc        0x4 /usr/lib/gcc/arm-none-eabi/6.3.1/thumb/v7e-m/fpv4-sp/hard/crti.o
                0x00000000080059fc                _init
 .init          0x0000000008005a00        0x8 /usr/lib/gcc/arm-none-eabi/6.3.1/thumb/v7e-m/fpv4-sp/hard/crtn.o
 *(.fini)
 .fini          0x0000000008005a08        0x4 /usr/lib/gcc/arm-none-eabi/6.3.1/thumb/v7e-m/fpv4-sp/hard/crti.o
                0x0000000008005a08                _fini
 .fini          0x0000000008005a0c        0x8 /usr/lib/gcc/arm-none-eabi/6.3.1/thumb/v7e-m/fpv4-sp/hard/crtn.o
                0x0000000008005a18                . = ALIGN (0x8)
 *fill*         0x0000000008005a14        0x4 
                0x0000000008005a18                _etext = .

.vfp11_veneer   0x0000000008005a18        0x0
 .vfp11_veneer  0x0000000008005a18        0x0 linker stubs

.v4_bx          0x0000000008005a18        0x0
 .v4_bx         0x0000000008005a18        0x0 linker stubs

.iplt           0x0000000008005a18        0x0
 .iplt          0x0000000008005a18        0x0 /usr/lib/gcc/arm-none-eabi/6.3.1/thumb/v7e-m/fpv4-sp/hard/crtbegin.o

.rodata         0x0000000008005a18      0x390
                0x0000000008005a18                . = ALIGN (0x8)
 *(.rodata)
 *(.rodata*)
 .rodata.HAL_ADC_Init.str1.4
                0x0000000008005a18       0x35 build/stm32l4xx_hal_adc.o
 *fill*         0x0000000008005a4d        0x3 
 .rodata.I2C_TransferConfig.str1.4
                0x0000000008005a50       0x35 build/stm32l4xx_hal_i2c.o
 *fill*         0x0000000008005a85        0x3 
 .rodata.HAL_I2CEx_ConfigAnalogFilter.str1.4
                0x0000000008005a88       0x38 build/stm32l4xx_hal_i2c_ex.o
 .rodata.QSPI_Config.str1.4
                0x0000000008005ac0       0x36 build/stm32l4xx_hal_qspi.o
 *fill*         0x0000000008005af6        0x2 
 .rodata.HAL_SAI_Init.str1.4
                0x0000000008005af8       0x35 build/stm32l4xx_hal_sai.o
 *fill*         0x0000000008005b2d        0x3 
 .rodata.HAL_SPI_Init.str1.4
                0x0000000008005b30       0x35 build/stm32l4xx_hal_spi.o
 *fill*         0x0000000008005b65        0x3 
 .rodata.TIM_OC1_SetConfig.str1.4
                0x0000000008005b68       0x35 build/stm32l4xx_hal_tim.o
 *fill*         0x0000000008005b9d        0x3 
 .rodata.HAL_TIMEx_HallSensor_Init.str1.4
                0x0000000008005ba0       0x38 build/stm32l4xx_hal_tim_ex.o
 .rodata.HAL_UART_DeInit.str1.4
                0x0000000008005bd8       0x36 build/stm32l4xx_hal_uart.o
 *fill*         0x0000000008005c0e        0x2 
 .rodata.HAL_RCC_MCOConfig.str1.4
                0x0000000008005c10       0x35 build/stm32l4xx_hal_rcc.o
 *fill*         0x0000000008005c45        0x3 
 .rodata.RCCEx_PLLSAI1_Config.str1.4
                0x0000000008005c48       0x38 build/stm32l4xx_hal_rcc_ex.o
 .rodata.HAL_GPIO_Init.str1.4
                0x0000000008005c80       0x36 build/stm32l4xx_hal_gpio.o
 *fill*         0x0000000008005cb6        0x2 
 .rodata.HAL_DMA_Init.str1.4
                0x0000000008005cb8       0x35 build/stm32l4xx_hal_dma.o
 *fill*         0x0000000008005ced        0x3 
 .rodata.HAL_PWREx_ControlVoltageScaling.str1.4
                0x0000000008005cf0       0x38 build/stm32l4xx_hal_pwr_ex.o
 .rodata.HAL_NVIC_SetPriorityGrouping.str1.4
                0x0000000008005d28       0x38 build/stm32l4xx_hal_cortex.o
 .rodata.AHBPrescTable
                0x0000000008005d60       0x10 build/system_stm32l4xx.o
                0x0000000008005d60                AHBPrescTable
 .rodata.APBPrescTable
                0x0000000008005d70        0x8 build/system_stm32l4xx.o
                0x0000000008005d70                APBPrescTable
 .rodata.MSIRangeTable
                0x0000000008005d78       0x30 build/system_stm32l4xx.o
                0x0000000008005d78                MSIRangeTable
                0x0000000008005da8                . = ALIGN (0x8)

.ARM.extab      0x0000000008005da8        0x0
                0x0000000008005da8                . = ALIGN (0x8)
 *(.ARM.extab* .gnu.linkonce.armextab.*)
                0x0000000008005da8                . = ALIGN (0x8)

.ARM            0x0000000008005da8        0x8
                0x0000000008005da8                . = ALIGN (0x8)
                0x0000000008005da8                __exidx_start = .
 *(.ARM.exidx*)
 .ARM.exidx     0x0000000008005da8        0x8 /usr/lib/gcc/arm-none-eabi/6.3.1/thumb/v7e-m/fpv4-sp/hard/libgcc.a(_udivmoddi4.o)
                0x0000000008005db0                __exidx_end = .
                0x0000000008005db0                . = ALIGN (0x8)

.rel.dyn        0x0000000008005db0        0x0
 .rel.iplt      0x0000000008005db0        0x0 /usr/lib/gcc/arm-none-eabi/6.3.1/thumb/v7e-m/fpv4-sp/hard/crtbegin.o

.preinit_array  0x0000000008005db0        0x0
                0x0000000008005db0                . = ALIGN (0x8)
                0x0000000008005db0                PROVIDE (__preinit_array_start, .)
 *(.preinit_array*)
                0x0000000008005db0                PROVIDE (__preinit_array_end, .)
                0x0000000008005db0                . = ALIGN (0x8)

.init_array     0x0000000008005db0        0x8
                0x0000000008005db0                . = ALIGN (0x8)
                0x0000000008005db0                PROVIDE (__init_array_start, .)
 *(SORT(.init_array.*))
 *(.init_array*)
 .init_array    0x0000000008005db0        0x4 /usr/lib/gcc/arm-none-eabi/6.3.1/thumb/v7e-m/fpv4-sp/hard/crtbegin.o
                0x0000000008005db4                PROVIDE (__init_array_end, .)
                0x0000000008005db8                . = ALIGN (0x8)
 *fill*         0x0000000008005db4        0x4 

.fini_array     0x0000000008005db8        0x8
                0x0000000008005db8                . = ALIGN (0x8)
                0x0000000008005db8                PROVIDE (__fini_array_start, .)
 *(SORT(.fini_array.*))
 *(.fini_array*)
 .fini_array    0x0000000008005db8        0x4 /usr/lib/gcc/arm-none-eabi/6.3.1/thumb/v7e-m/fpv4-sp/hard/crtbegin.o
                0x0000000008005dbc                PROVIDE (__fini_array_end, .)
                0x0000000008005dc0                . = ALIGN (0x8)
 *fill*         0x0000000008005dbc        0x4 
                0x0000000008005dc0                _sidata = LOADADDR (.data)

.data           0x0000000020000000       0x10 load address 0x0000000008005dc0
                0x0000000020000000                . = ALIGN (0x8)
                0x0000000020000000                _sdata = .
 *(.data)
 *(.data*)
 .data.uwTickFreq
                0x0000000020000000        0x4 build/stm32l4xx_hal.o
                0x0000000020000000                uwTickFreq
 .data.uwTickPrio
                0x0000000020000004        0x4 build/stm32l4xx_hal.o
                0x0000000020000004                uwTickPrio
 .data.SystemCoreClock
                0x0000000020000008        0x4 build/system_stm32l4xx.o
                0x0000000020000008                SystemCoreClock
                0x0000000020000010                . = ALIGN (0x8)
 *fill*         0x000000002000000c        0x4 
                0x0000000020000010                _edata = .

.jcr            0x0000000020000010        0x0 load address 0x0000000008005dd0
 .jcr           0x0000000020000010        0x0 /usr/lib/gcc/arm-none-eabi/6.3.1/thumb/v7e-m/fpv4-sp/hard/crtbegin.o

.tm_clone_table
                0x0000000020000010        0x0 load address 0x0000000008005dd0
 .tm_clone_table
                0x0000000020000010        0x0 /usr/lib/gcc/arm-none-eabi/6.3.1/thumb/v7e-m/fpv4-sp/hard/crtbegin.o
 .tm_clone_table
                0x0000000020000010        0x0 /usr/lib/gcc/arm-none-eabi/6.3.1/thumb/v7e-m/fpv4-sp/hard/crtend.o

.igot.plt       0x0000000020000010        0x0 load address 0x0000000008005dd0
 .igot.plt      0x0000000020000010        0x0 /usr/lib/gcc/arm-none-eabi/6.3.1/thumb/v7e-m/fpv4-sp/hard/crtbegin.o
                0x0000000020000010                . = ALIGN (0x4)

.bss            0x0000000020000010      0x390 load address 0x0000000008005dd0
                0x0000000020000010                _sbss = .
                0x0000000020000010                __bss_start__ = _sbss
 *(.bss)
 .bss           0x0000000020000010       0x1c /usr/lib/gcc/arm-none-eabi/6.3.1/thumb/v7e-m/fpv4-sp/hard/crtbegin.o
 *(.bss*)
 .bss.SAI1_client
                0x000000002000002c        0x4 build/sai.o
 *(COMMON)
 COMMON         0x0000000020000030        0x4 build/stm32l4xx_hal.o
                0x0000000020000030                uwTick
 COMMON         0x0000000020000034       0x64 build/adc.o
                0x0000000020000034                hadc1
 COMMON         0x0000000020000098       0x4c build/i2c.o
                0x0000000020000098                hi2c1
 COMMON         0x00000000200000e4       0x4c build/quadspi.o
                0x00000000200000e4                hqspi
 COMMON         0x0000000020000130       0x84 build/sai.o
                0x0000000020000130                hsai_BlockA1
 COMMON         0x00000000200001b4       0xac build/spi.o
                0x00000000200001b4                hspi1
                0x0000000020000218                hdma_spi1_tx
 COMMON         0x0000000020000260       0x40 build/tim.o
                0x0000000020000260                htim2
 COMMON         0x00000000200002a0      0x100 build/usart.o
                0x00000000200002a0                huart1
                0x0000000020000320                huart2
                0x00000000200003a0                . = ALIGN (0x4)
                0x00000000200003a0                _ebss = .
                0x00000000200003a0                __bss_end__ = _ebss

._user_heap_stack
                0x00000000200003a0      0x600 load address 0x0000000008005dd0
                0x00000000200003a0                . = ALIGN (0x8)
                [!provide]                        PROVIDE (end, .)
                [!provide]                        PROVIDE (_end, .)
                0x00000000200005a0                . = (. + _Min_Heap_Size)
 *fill*         0x00000000200003a0      0x200 
                0x00000000200009a0                . = (. + _Min_Stack_Size)
 *fill*         0x00000000200005a0      0x400 
                0x00000000200009a0                . = ALIGN (0x8)

/DISCARD/
 libc.a(*)
 libm.a(*)
 libgcc.a(*)

.ARM.attributes
                0x0000000000000000       0x30
 *(.ARM.attributes)
 .ARM.attributes
                0x0000000000000000       0x22 /usr/lib/gcc/arm-none-eabi/6.3.1/thumb/v7e-m/fpv4-sp/hard/crti.o
 .ARM.attributes
                0x0000000000000022       0x34 /usr/lib/gcc/arm-none-eabi/6.3.1/thumb/v7e-m/fpv4-sp/hard/crtbegin.o
 .ARM.attributes
                0x0000000000000056       0x39 build/stm32l4xx_hal_adc.o
 .ARM.attributes
                0x000000000000008f       0x39 build/stm32l4xx_hal_i2c.o
 .ARM.attributes
                0x00000000000000c8       0x39 build/stm32l4xx_hal_i2c_ex.o
 .ARM.attributes
                0x0000000000000101       0x39 build/stm32l4xx_hal_qspi.o
 .ARM.attributes
                0x000000000000013a       0x39 build/stm32l4xx_hal_sai.o
 .ARM.attributes
                0x0000000000000173       0x39 build/stm32l4xx_hal_spi.o
 .ARM.attributes
                0x00000000000001ac       0x39 build/stm32l4xx_hal_tim.o
 .ARM.attributes
                0x00000000000001e5       0x39 build/stm32l4xx_hal_tim_ex.o
 .ARM.attributes
                0x000000000000021e       0x39 build/stm32l4xx_hal_uart.o
 .ARM.attributes
                0x0000000000000257       0x39 build/stm32l4xx_hal.o
 .ARM.attributes
                0x0000000000000290       0x39 build/stm32l4xx_hal_rcc.o
 .ARM.attributes
                0x00000000000002c9       0x39 build/stm32l4xx_hal_rcc_ex.o
 .ARM.attributes
                0x0000000000000302       0x39 build/stm32l4xx_hal_gpio.o
 .ARM.attributes
                0x000000000000033b       0x39 build/stm32l4xx_hal_dma.o
 .ARM.attributes
                0x0000000000000374       0x39 build/stm32l4xx_hal_pwr_ex.o
 .ARM.attributes
                0x00000000000003ad       0x39 build/stm32l4xx_hal_cortex.o
 .ARM.attributes
                0x00000000000003e6       0x39 build/stm32l4xx_it.o
 .ARM.attributes
                0x000000000000041f       0x39 build/stm32l4xx_hal_msp.o
 .ARM.attributes
                0x0000000000000458       0x39 build/system_stm32l4xx.o
 .ARM.attributes
                0x0000000000000491       0x39 build/gpio.o
 .ARM.attributes
                0x00000000000004ca       0x39 build/adc.o
 .ARM.attributes
                0x0000000000000503       0x39 build/i2c.o
 .ARM.attributes
                0x000000000000053c       0x39 build/quadspi.o
 .ARM.attributes
                0x0000000000000575       0x39 build/sai.o
 .ARM.attributes
                0x00000000000005ae       0x39 build/spi.o
 .ARM.attributes
                0x00000000000005e7       0x39 build/tim.o
 .ARM.attributes
                0x0000000000000620       0x39 build/usart.o
 .ARM.attributes
                0x0000000000000659       0x39 build/dma.o
 .ARM.attributes
                0x0000000000000692       0x39 build/main.o
 .ARM.attributes
                0x00000000000006cb       0x21 build/startup_stm32l433xx.o
 .ARM.attributes
                0x00000000000006ec       0x34 /usr/lib/gcc/arm-none-eabi/6.3.1/../../../arm-none-eabi/lib/thumb/v7e-m/fpv4-sp/hard/libc_nano.a(lib_a-init.o)
 .ARM.attributes
                0x0000000000000720       0x34 /usr/lib/gcc/arm-none-eabi/6.3.1/../../../arm-none-eabi/lib/thumb/v7e-m/fpv4-sp/hard/libc_nano.a(lib_a-memset.o)
 .ARM.attributes
                0x0000000000000754       0x22 /usr/lib/gcc/arm-none-eabi/6.3.1/thumb/v7e-m/fpv4-sp/hard/libgcc.a(_aeabi_uldivmod.o)
 .ARM.attributes
                0x0000000000000776       0x34 /usr/lib/gcc/arm-none-eabi/6.3.1/thumb/v7e-m/fpv4-sp/hard/libgcc.a(_udivmoddi4.o)
 .ARM.attributes
                0x00000000000007aa       0x22 /usr/lib/gcc/arm-none-eabi/6.3.1/thumb/v7e-m/fpv4-sp/hard/libgcc.a(_dvmd_tls.o)
 .ARM.attributes
                0x00000000000007cc       0x34 /usr/lib/gcc/arm-none-eabi/6.3.1/thumb/v7e-m/fpv4-sp/hard/crtend.o
 .ARM.attributes
                0x0000000000000800       0x22 /usr/lib/gcc/arm-none-eabi/6.3.1/thumb/v7e-m/fpv4-sp/hard/crtn.o
OUTPUT(build/LittleNixieAndHisTime.elf elf32-littlearm)

.comment        0x0000000000000000       0x88
 .comment       0x0000000000000000       0x31 /usr/lib/gcc/arm-none-eabi/6.3.1/thumb/v7e-m/fpv4-sp/hard/crtbegin.o
                                         0x32 (size before relaxing)
 .comment       0x0000000000000031       0x32 build/stm32l4xx_hal_adc.o
 .comment       0x0000000000000031       0x32 build/stm32l4xx_hal_i2c.o
 .comment       0x0000000000000031       0x32 build/stm32l4xx_hal_i2c_ex.o
 .comment       0x0000000000000031       0x32 build/stm32l4xx_hal_qspi.o
 .comment       0x0000000000000031       0x32 build/stm32l4xx_hal_sai.o
 .comment       0x0000000000000031       0x32 build/stm32l4xx_hal_spi.o
 .comment       0x0000000000000031       0x32 build/stm32l4xx_hal_tim.o
 .comment       0x0000000000000031       0x32 build/stm32l4xx_hal_tim_ex.o
 .comment       0x0000000000000031       0x32 build/stm32l4xx_hal_uart.o
 .comment       0x0000000000000031       0x32 build/stm32l4xx_hal.o
 .comment       0x0000000000000031       0x32 build/stm32l4xx_hal_rcc.o
 .comment       0x0000000000000031       0x32 build/stm32l4xx_hal_rcc_ex.o
 .comment       0x0000000000000031       0x32 build/stm32l4xx_hal_gpio.o
 .comment       0x0000000000000031       0x32 build/stm32l4xx_hal_dma.o
 .comment       0x0000000000000031       0x32 build/stm32l4xx_hal_pwr_ex.o
 .comment       0x0000000000000031       0x32 build/stm32l4xx_hal_cortex.o
 .comment       0x0000000000000031       0x32 build/stm32l4xx_it.o
 .comment       0x0000000000000031       0x32 build/stm32l4xx_hal_msp.o
 .comment       0x0000000000000031       0x32 build/system_stm32l4xx.o
 .comment       0x0000000000000031       0x32 build/gpio.o
 .comment       0x0000000000000031       0x32 build/adc.o
 .comment       0x0000000000000031       0x32 build/i2c.o
 .comment       0x0000000000000031       0x32 build/quadspi.o
 .comment       0x0000000000000031       0x32 build/sai.o
 .comment       0x0000000000000031       0x32 build/spi.o
 .comment       0x0000000000000031       0x32 build/tim.o
 .comment       0x0000000000000031       0x32 build/usart.o
 .comment       0x0000000000000031       0x32 build/dma.o
 .comment       0x0000000000000031       0x32 build/main.o
 .comment       0x0000000000000031       0x57 /usr/lib/gcc/arm-none-eabi/6.3.1/../../../arm-none-eabi/lib/thumb/v7e-m/fpv4-sp/hard/libc_nano.a(lib_a-init.o)
                                         0x58 (size before relaxing)
 .comment       0x0000000000000088       0x58 /usr/lib/gcc/arm-none-eabi/6.3.1/../../../arm-none-eabi/lib/thumb/v7e-m/fpv4-sp/hard/libc_nano.a(lib_a-memset.o)
 .comment       0x0000000000000088       0x32 /usr/lib/gcc/arm-none-eabi/6.3.1/thumb/v7e-m/fpv4-sp/hard/libgcc.a(_udivmoddi4.o)
 .comment       0x0000000000000088       0x32 /usr/lib/gcc/arm-none-eabi/6.3.1/thumb/v7e-m/fpv4-sp/hard/crtend.o

.debug_info     0x0000000000000000    0x2a24f
 .debug_info    0x0000000000000000     0x3229 build/stm32l4xx_hal_adc.o
 .debug_info    0x0000000000003229     0x3f08 build/stm32l4xx_hal_i2c.o
 .debug_info    0x0000000000007131      0xd60 build/stm32l4xx_hal_i2c_ex.o
 .debug_info    0x0000000000007e91     0x224e build/stm32l4xx_hal_qspi.o
 .debug_info    0x000000000000a0df     0x1cf9 build/stm32l4xx_hal_sai.o
 .debug_info    0x000000000000bdd8     0x238b build/stm32l4xx_hal_spi.o
 .debug_info    0x000000000000e163     0x4cff build/stm32l4xx_hal_tim.o
 .debug_info    0x0000000000012e62     0x206b build/stm32l4xx_hal_tim_ex.o
 .debug_info    0x0000000000014ecd     0x2304 build/stm32l4xx_hal_uart.o
 .debug_info    0x00000000000171d1      0xe07 build/stm32l4xx_hal.o
 .debug_info    0x0000000000017fd8     0x13c7 build/stm32l4xx_hal_rcc.o
 .debug_info    0x000000000001939f     0x194c build/stm32l4xx_hal_rcc_ex.o
 .debug_info    0x000000000001aceb      0xc3c build/stm32l4xx_hal_gpio.o
 .debug_info    0x000000000001b927      0xb76 build/stm32l4xx_hal_dma.o
 .debug_info    0x000000000001c49d      0xda2 build/stm32l4xx_hal_pwr_ex.o
 .debug_info    0x000000000001d23f     0x13c3 build/stm32l4xx_hal_cortex.o
 .debug_info    0x000000000001e602      0x5e3 build/stm32l4xx_it.o
 .debug_info    0x000000000001ebe5      0x555 build/stm32l4xx_hal_msp.o
 .debug_info    0x000000000001f13a      0x7b6 build/system_stm32l4xx.o
 .debug_info    0x000000000001f8f0      0x7b4 build/gpio.o
 .debug_info    0x00000000000200a4      0xd31 build/adc.o
 .debug_info    0x0000000000020dd5      0xd4c build/i2c.o
 .debug_info    0x0000000000021b21      0xcc3 build/quadspi.o
 .debug_info    0x00000000000227e4      0xd56 build/sai.o
 .debug_info    0x000000000002353a      0xcfd build/spi.o
 .debug_info    0x0000000000024237      0xe3f build/tim.o
 .debug_info    0x0000000000025076      0xe11 build/usart.o
 .debug_info    0x0000000000025e87      0x539 build/dma.o
 .debug_info    0x00000000000263c0     0x214e build/main.o
 .debug_info    0x000000000002850e       0x55 build/startup_stm32l433xx.o
 .debug_info    0x0000000000028563      0x109 /usr/lib/gcc/arm-none-eabi/6.3.1/../../../arm-none-eabi/lib/thumb/v7e-m/fpv4-sp/hard/libc_nano.a(lib_a-init.o)
 .debug_info    0x000000000002866c      0xe1d /usr/lib/gcc/arm-none-eabi/6.3.1/../../../arm-none-eabi/lib/thumb/v7e-m/fpv4-sp/hard/libc_nano.a(lib_a-memset.o)
 .debug_info    0x0000000000029489       0xcf /usr/lib/gcc/arm-none-eabi/6.3.1/thumb/v7e-m/fpv4-sp/hard/libgcc.a(_aeabi_uldivmod.o)
 .debug_info    0x0000000000029558      0xc24 /usr/lib/gcc/arm-none-eabi/6.3.1/thumb/v7e-m/fpv4-sp/hard/libgcc.a(_udivmoddi4.o)
 .debug_info    0x000000000002a17c       0xd3 /usr/lib/gcc/arm-none-eabi/6.3.1/thumb/v7e-m/fpv4-sp/hard/libgcc.a(_dvmd_tls.o)

.debug_abbrev   0x0000000000000000     0x401b
 .debug_abbrev  0x0000000000000000      0x28e build/stm32l4xx_hal_adc.o
 .debug_abbrev  0x000000000000028e      0x2a9 build/stm32l4xx_hal_i2c.o
 .debug_abbrev  0x0000000000000537      0x1d4 build/stm32l4xx_hal_i2c_ex.o
 .debug_abbrev  0x000000000000070b      0x270 build/stm32l4xx_hal_qspi.o
 .debug_abbrev  0x000000000000097b      0x280 build/stm32l4xx_hal_sai.o
 .debug_abbrev  0x0000000000000bfb      0x26c build/stm32l4xx_hal_spi.o
 .debug_abbrev  0x0000000000000e67      0x270 build/stm32l4xx_hal_tim.o
 .debug_abbrev  0x00000000000010d7      0x269 build/stm32l4xx_hal_tim_ex.o
 .debug_abbrev  0x0000000000001340      0x29a build/stm32l4xx_hal_uart.o
 .debug_abbrev  0x00000000000015da      0x207 build/stm32l4xx_hal.o
 .debug_abbrev  0x00000000000017e1      0x237 build/stm32l4xx_hal_rcc.o
 .debug_abbrev  0x0000000000001a18      0x27e build/stm32l4xx_hal_rcc_ex.o
 .debug_abbrev  0x0000000000001c96      0x22d build/stm32l4xx_hal_gpio.o
 .debug_abbrev  0x0000000000001ec3      0x25a build/stm32l4xx_hal_dma.o
 .debug_abbrev  0x000000000000211d      0x20d build/stm32l4xx_hal_pwr_ex.o
 .debug_abbrev  0x000000000000232a      0x373 build/stm32l4xx_hal_cortex.o
 .debug_abbrev  0x000000000000269d      0x165 build/stm32l4xx_it.o
 .debug_abbrev  0x0000000000002802      0x122 build/stm32l4xx_hal_msp.o
 .debug_abbrev  0x0000000000002924      0x14d build/system_stm32l4xx.o
 .debug_abbrev  0x0000000000002a71      0x160 build/gpio.o
 .debug_abbrev  0x0000000000002bd1      0x1d5 build/adc.o
 .debug_abbrev  0x0000000000002da6      0x1d3 build/i2c.o
 .debug_abbrev  0x0000000000002f79      0x1c8 build/quadspi.o
 .debug_abbrev  0x0000000000003141      0x1cf build/sai.o
 .debug_abbrev  0x0000000000003310      0x1ce build/spi.o
 .debug_abbrev  0x00000000000034de      0x209 build/tim.o
 .debug_abbrev  0x00000000000036e7      0x1c8 build/usart.o
 .debug_abbrev  0x00000000000038af      0x117 build/dma.o
 .debug_abbrev  0x00000000000039c6      0x22d build/main.o
 .debug_abbrev  0x0000000000003bf3       0x12 build/startup_stm32l433xx.o
 .debug_abbrev  0x0000000000003c05       0xba /usr/lib/gcc/arm-none-eabi/6.3.1/../../../arm-none-eabi/lib/thumb/v7e-m/fpv4-sp/hard/libc_nano.a(lib_a-init.o)
 .debug_abbrev  0x0000000000003cbf      0x1a8 /usr/lib/gcc/arm-none-eabi/6.3.1/../../../arm-none-eabi/lib/thumb/v7e-m/fpv4-sp/hard/libc_nano.a(lib_a-memset.o)
 .debug_abbrev  0x0000000000003e67       0x14 /usr/lib/gcc/arm-none-eabi/6.3.1/thumb/v7e-m/fpv4-sp/hard/libgcc.a(_aeabi_uldivmod.o)
 .debug_abbrev  0x0000000000003e7b      0x18c /usr/lib/gcc/arm-none-eabi/6.3.1/thumb/v7e-m/fpv4-sp/hard/libgcc.a(_udivmoddi4.o)
 .debug_abbrev  0x0000000000004007       0x14 /usr/lib/gcc/arm-none-eabi/6.3.1/thumb/v7e-m/fpv4-sp/hard/libgcc.a(_dvmd_tls.o)

.debug_loc      0x0000000000000000    0x175cd
 .debug_loc     0x0000000000000000     0x1f0d build/stm32l4xx_hal_adc.o
 .debug_loc     0x0000000000001f0d     0x4511 build/stm32l4xx_hal_i2c.o
 .debug_loc     0x000000000000641e      0x2a0 build/stm32l4xx_hal_i2c_ex.o
 .debug_loc     0x00000000000066be     0x17e3 build/stm32l4xx_hal_qspi.o
 .debug_loc     0x0000000000007ea1     0x178b build/stm32l4xx_hal_sai.o
 .debug_loc     0x000000000000962c     0x1e03 build/stm32l4xx_hal_spi.o
 .debug_loc     0x000000000000b42f     0x35af build/stm32l4xx_hal_tim.o
 .debug_loc     0x000000000000e9de     0x1923 build/stm32l4xx_hal_tim_ex.o
 .debug_loc     0x0000000000010301     0x1dde build/stm32l4xx_hal_uart.o
 .debug_loc     0x00000000000120df      0x319 build/stm32l4xx_hal.o
 .debug_loc     0x00000000000123f8      0x8cb build/stm32l4xx_hal_rcc.o
 .debug_loc     0x0000000000012cc3     0x1251 build/stm32l4xx_hal_rcc_ex.o
 .debug_loc     0x0000000000013f14      0x60c build/stm32l4xx_hal_gpio.o
 .debug_loc     0x0000000000014520      0x820 build/stm32l4xx_hal_dma.o
 .debug_loc     0x0000000000014d40      0x6c0 build/stm32l4xx_hal_pwr_ex.o
 .debug_loc     0x0000000000015400      0x8e0 build/stm32l4xx_hal_cortex.o
 .debug_loc     0x0000000000015ce0       0x40 build/stm32l4xx_it.o
 .debug_loc     0x0000000000015d20       0x2c build/stm32l4xx_hal_msp.o
 .debug_loc     0x0000000000015d4c      0x1e4 build/system_stm32l4xx.o
 .debug_loc     0x0000000000015f30       0x38 build/gpio.o
 .debug_loc     0x0000000000015f68       0x70 build/adc.o
 .debug_loc     0x0000000000015fd8       0xf8 build/i2c.o
 .debug_loc     0x00000000000160d0       0xf8 build/quadspi.o
 .debug_loc     0x00000000000161c8       0xd3 build/sai.o
 .debug_loc     0x000000000001629b       0xe7 build/spi.o
 .debug_loc     0x0000000000016382       0xee build/tim.o
 .debug_loc     0x0000000000016470      0x14a build/usart.o
 .debug_loc     0x00000000000165ba       0x2c build/dma.o
 .debug_loc     0x00000000000165e6       0x59 build/main.o
 .debug_loc     0x000000000001663f       0xa2 /usr/lib/gcc/arm-none-eabi/6.3.1/../../../arm-none-eabi/lib/thumb/v7e-m/fpv4-sp/hard/libc_nano.a(lib_a-init.o)
 .debug_loc     0x00000000000166e1      0x175 /usr/lib/gcc/arm-none-eabi/6.3.1/../../../arm-none-eabi/lib/thumb/v7e-m/fpv4-sp/hard/libc_nano.a(lib_a-memset.o)
 .debug_loc     0x0000000000016856      0xd77 /usr/lib/gcc/arm-none-eabi/6.3.1/thumb/v7e-m/fpv4-sp/hard/libgcc.a(_udivmoddi4.o)

.debug_aranges  0x0000000000000000     0x1830
 .debug_aranges
                0x0000000000000000       0xf8 build/stm32l4xx_hal_adc.o
 .debug_aranges
                0x00000000000000f8      0x288 build/stm32l4xx_hal_i2c.o
 .debug_aranges
                0x0000000000000380       0x48 build/stm32l4xx_hal_i2c_ex.o
 .debug_aranges
                0x00000000000003c8      0x168 build/stm32l4xx_hal_qspi.o
 .debug_aranges
                0x0000000000000530      0x178 build/stm32l4xx_hal_sai.o
 .debug_aranges
                0x00000000000006a8      0x1d8 build/stm32l4xx_hal_spi.o
 .debug_aranges
                0x0000000000000880      0x3b8 build/stm32l4xx_hal_tim.o
 .debug_aranges
                0x0000000000000c38      0x168 build/stm32l4xx_hal_tim_ex.o
 .debug_aranges
                0x0000000000000da0      0x1f8 build/stm32l4xx_hal_uart.o
 .debug_aranges
                0x0000000000000f98      0x130 build/stm32l4xx_hal.o
 .debug_aranges
                0x00000000000010c8       0x88 build/stm32l4xx_hal_rcc.o
 .debug_aranges
                0x0000000000001150       0xf0 build/stm32l4xx_hal_rcc_ex.o
 .debug_aranges
                0x0000000000001240       0x58 build/stm32l4xx_hal_gpio.o
 .debug_aranges
                0x0000000000001298       0x80 build/stm32l4xx_hal_dma.o
 .debug_aranges
                0x0000000000001318      0x120 build/stm32l4xx_hal_pwr_ex.o
 .debug_aranges
                0x0000000000001438       0xa8 build/stm32l4xx_hal_cortex.o
 .debug_aranges
                0x00000000000014e0       0x68 build/stm32l4xx_it.o
 .debug_aranges
                0x0000000000001548       0x20 build/stm32l4xx_hal_msp.o
 .debug_aranges
                0x0000000000001568       0x28 build/system_stm32l4xx.o
 .debug_aranges
                0x0000000000001590       0x20 build/gpio.o
 .debug_aranges
                0x00000000000015b0       0x30 build/adc.o
 .debug_aranges
                0x00000000000015e0       0x30 build/i2c.o
 .debug_aranges
                0x0000000000001610       0x30 build/quadspi.o
 .debug_aranges
                0x0000000000001640       0x30 build/sai.o
 .debug_aranges
                0x0000000000001670       0x30 build/spi.o
 .debug_aranges
                0x00000000000016a0       0x38 build/tim.o
 .debug_aranges
                0x00000000000016d8       0x38 build/usart.o
 .debug_aranges
                0x0000000000001710       0x20 build/dma.o
 .debug_aranges
                0x0000000000001730       0x38 build/main.o
 .debug_aranges
                0x0000000000001768       0x28 build/startup_stm32l433xx.o
 .debug_aranges
                0x0000000000001790       0x20 /usr/lib/gcc/arm-none-eabi/6.3.1/../../../arm-none-eabi/lib/thumb/v7e-m/fpv4-sp/hard/libc_nano.a(lib_a-init.o)
 .debug_aranges
                0x00000000000017b0       0x20 /usr/lib/gcc/arm-none-eabi/6.3.1/../../../arm-none-eabi/lib/thumb/v7e-m/fpv4-sp/hard/libc_nano.a(lib_a-memset.o)
 .debug_aranges
                0x00000000000017d0       0x20 /usr/lib/gcc/arm-none-eabi/6.3.1/thumb/v7e-m/fpv4-sp/hard/libgcc.a(_aeabi_uldivmod.o)
 .debug_aranges
                0x00000000000017f0       0x20 /usr/lib/gcc/arm-none-eabi/6.3.1/thumb/v7e-m/fpv4-sp/hard/libgcc.a(_udivmoddi4.o)
 .debug_aranges
                0x0000000000001810       0x20 /usr/lib/gcc/arm-none-eabi/6.3.1/thumb/v7e-m/fpv4-sp/hard/libgcc.a(_dvmd_tls.o)

.debug_ranges   0x0000000000000000     0x1a80
 .debug_ranges  0x0000000000000000      0x430 build/stm32l4xx_hal_adc.o
 .debug_ranges  0x0000000000000430      0x278 build/stm32l4xx_hal_i2c.o
 .debug_ranges  0x00000000000006a8       0x38 build/stm32l4xx_hal_i2c_ex.o
 .debug_ranges  0x00000000000006e0      0x158 build/stm32l4xx_hal_qspi.o
 .debug_ranges  0x0000000000000838      0x168 build/stm32l4xx_hal_sai.o
 .debug_ranges  0x00000000000009a0      0x1c8 build/stm32l4xx_hal_spi.o
 .debug_ranges  0x0000000000000b68      0x3a8 build/stm32l4xx_hal_tim.o
 .debug_ranges  0x0000000000000f10      0x158 build/stm32l4xx_hal_tim_ex.o
 .debug_ranges  0x0000000000001068      0x1e8 build/stm32l4xx_hal_uart.o
 .debug_ranges  0x0000000000001250      0x120 build/stm32l4xx_hal.o
 .debug_ranges  0x0000000000001370       0x90 build/stm32l4xx_hal_rcc.o
 .debug_ranges  0x0000000000001400      0x100 build/stm32l4xx_hal_rcc_ex.o
 .debug_ranges  0x0000000000001500       0x48 build/stm32l4xx_hal_gpio.o
 .debug_ranges  0x0000000000001548       0x70 build/stm32l4xx_hal_dma.o
 .debug_ranges  0x00000000000015b8      0x110 build/stm32l4xx_hal_pwr_ex.o
 .debug_ranges  0x00000000000016c8      0x110 build/stm32l4xx_hal_cortex.o
 .debug_ranges  0x00000000000017d8       0x58 build/stm32l4xx_it.o
 .debug_ranges  0x0000000000001830       0x10 build/stm32l4xx_hal_msp.o
 .debug_ranges  0x0000000000001840       0x18 build/system_stm32l4xx.o
 .debug_ranges  0x0000000000001858       0x10 build/gpio.o
 .debug_ranges  0x0000000000001868       0x20 build/adc.o
 .debug_ranges  0x0000000000001888       0x20 build/i2c.o
 .debug_ranges  0x00000000000018a8       0x20 build/quadspi.o
 .debug_ranges  0x00000000000018c8       0x20 build/sai.o
 .debug_ranges  0x00000000000018e8       0x20 build/spi.o
 .debug_ranges  0x0000000000001908       0x28 build/tim.o
 .debug_ranges  0x0000000000001930       0x28 build/usart.o
 .debug_ranges  0x0000000000001958       0x10 build/dma.o
 .debug_ranges  0x0000000000001968       0x28 build/main.o
 .debug_ranges  0x0000000000001990       0x20 build/startup_stm32l433xx.o
 .debug_ranges  0x00000000000019b0       0xd0 /usr/lib/gcc/arm-none-eabi/6.3.1/thumb/v7e-m/fpv4-sp/hard/libgcc.a(_udivmoddi4.o)

.debug_line     0x0000000000000000     0xe755
 .debug_line    0x0000000000000000     0x12e7 build/stm32l4xx_hal_adc.o
 .debug_line    0x00000000000012e7     0x17e8 build/stm32l4xx_hal_i2c.o
 .debug_line    0x0000000000002acf      0x3a5 build/stm32l4xx_hal_i2c_ex.o
 .debug_line    0x0000000000002e74      0xd6c build/stm32l4xx_hal_qspi.o
 .debug_line    0x0000000000003be0      0xba6 build/stm32l4xx_hal_sai.o
 .debug_line    0x0000000000004786      0xe48 build/stm32l4xx_hal_spi.o
 .debug_line    0x00000000000055ce     0x288f build/stm32l4xx_hal_tim.o
 .debug_line    0x0000000000007e5d      0xed7 build/stm32l4xx_hal_tim_ex.o
 .debug_line    0x0000000000008d34      0xf2a build/stm32l4xx_hal_uart.o
 .debug_line    0x0000000000009c5e      0x47c build/stm32l4xx_hal.o
 .debug_line    0x000000000000a0da      0x764 build/stm32l4xx_hal_rcc.o
 .debug_line    0x000000000000a83e      0xa34 build/stm32l4xx_hal_rcc_ex.o
 .debug_line    0x000000000000b272      0x42c build/stm32l4xx_hal_gpio.o
 .debug_line    0x000000000000b69e      0x533 build/stm32l4xx_hal_dma.o
 .debug_line    0x000000000000bbd1      0x61d build/stm32l4xx_hal_pwr_ex.o
 .debug_line    0x000000000000c1ee      0x4b6 build/stm32l4xx_hal_cortex.o
 .debug_line    0x000000000000c6a4      0x21b build/stm32l4xx_it.o
 .debug_line    0x000000000000c8bf      0x179 build/stm32l4xx_hal_msp.o
 .debug_line    0x000000000000ca38      0x1c8 build/system_stm32l4xx.o
 .debug_line    0x000000000000cc00      0x19c build/gpio.o
 .debug_line    0x000000000000cd9c      0x207 build/adc.o
 .debug_line    0x000000000000cfa3      0x223 build/i2c.o
 .debug_line    0x000000000000d1c6      0x217 build/quadspi.o
 .debug_line    0x000000000000d3dd      0x205 build/sai.o
 .debug_line    0x000000000000d5e2      0x216 build/spi.o
 .debug_line    0x000000000000d7f8      0x23e build/tim.o
 .debug_line    0x000000000000da36      0x23a build/usart.o
 .debug_line    0x000000000000dc70      0x169 build/dma.o
 .debug_line    0x000000000000ddd9      0x336 build/main.o
 .debug_line    0x000000000000e10f       0x73 build/startup_stm32l433xx.o
 .debug_line    0x000000000000e182       0xbf /usr/lib/gcc/arm-none-eabi/6.3.1/../../../arm-none-eabi/lib/thumb/v7e-m/fpv4-sp/hard/libc_nano.a(lib_a-init.o)
 .debug_line    0x000000000000e241      0x1ee /usr/lib/gcc/arm-none-eabi/6.3.1/../../../arm-none-eabi/lib/thumb/v7e-m/fpv4-sp/hard/libc_nano.a(lib_a-memset.o)
 .debug_line    0x000000000000e42f       0x67 /usr/lib/gcc/arm-none-eabi/6.3.1/thumb/v7e-m/fpv4-sp/hard/libgcc.a(_aeabi_uldivmod.o)
 .debug_line    0x000000000000e496      0x258 /usr/lib/gcc/arm-none-eabi/6.3.1/thumb/v7e-m/fpv4-sp/hard/libgcc.a(_udivmoddi4.o)
 .debug_line    0x000000000000e6ee       0x67 /usr/lib/gcc/arm-none-eabi/6.3.1/thumb/v7e-m/fpv4-sp/hard/libgcc.a(_dvmd_tls.o)

.debug_str      0x0000000000000000     0x8753
 .debug_str     0x0000000000000000     0x113f build/stm32l4xx_hal_adc.o
                                       0x126d (size before relaxing)
 .debug_str     0x000000000000113f      0xaf1 build/stm32l4xx_hal_i2c.o
                                       0x10ec (size before relaxing)
 .debug_str     0x0000000000001c30      0x225 build/stm32l4xx_hal_i2c_ex.o
                                        0xaa1 (size before relaxing)
 .debug_str     0x0000000000001e55      0x6c2 build/stm32l4xx_hal_qspi.o
                                        0xcfb (size before relaxing)
 .debug_str     0x0000000000002517      0x63f build/stm32l4xx_hal_sai.o
                                        0xca6 (size before relaxing)
 .debug_str     0x0000000000002b56      0x685 build/stm32l4xx_hal_spi.o
                                        0xd4a (size before relaxing)
 .debug_str     0x00000000000031db     0x104e build/stm32l4xx_hal_tim.o
                                       0x167b (size before relaxing)
 .debug_str     0x0000000000004229      0x646 build/stm32l4xx_hal_tim_ex.o
                                        0xf9b (size before relaxing)
 .debug_str     0x000000000000486f      0x88a build/stm32l4xx_hal_uart.o
                                       0x106b (size before relaxing)
 .debug_str     0x00000000000050f9      0x7f6 build/stm32l4xx_hal.o
                                        0xd6f (size before relaxing)
 .debug_str     0x00000000000058ef      0x427 build/stm32l4xx_hal_rcc.o
                                        0x9d2 (size before relaxing)
 .debug_str     0x0000000000005d16      0x684 build/stm32l4xx_hal_rcc_ex.o
                                        0xd7b (size before relaxing)
 .debug_str     0x000000000000639a      0x113 build/stm32l4xx_hal_gpio.o
                                        0x72b (size before relaxing)
 .debug_str     0x00000000000064ad      0x223 build/stm32l4xx_hal_dma.o
                                        0x7f9 (size before relaxing)
 .debug_str     0x00000000000066d0      0x46e build/stm32l4xx_hal_pwr_ex.o
                                        0x93d (size before relaxing)
 .debug_str     0x0000000000006b3e      0x44a build/stm32l4xx_hal_cortex.o
                                        0xd2b (size before relaxing)
 .debug_str     0x0000000000006f88       0xc9 build/stm32l4xx_it.o
                                        0x5fe (size before relaxing)
 .debug_str     0x0000000000007051       0x18 build/stm32l4xx_hal_msp.o
                                        0x4e5 (size before relaxing)
 .debug_str     0x0000000000007069       0x38 build/system_stm32l4xx.o
                                        0x570 (size before relaxing)
 .debug_str     0x00000000000070a1       0x18 build/gpio.o
                                        0x596 (size before relaxing)
 .debug_str     0x00000000000070b9       0x35 build/adc.o
                                        0x9d0 (size before relaxing)
 .debug_str     0x00000000000070ee       0x27 build/i2c.o
                                        0xa75 (size before relaxing)
 .debug_str     0x0000000000007115       0x29 build/quadspi.o
                                        0x991 (size before relaxing)
 .debug_str     0x000000000000713e       0x30 build/sai.o
                                        0xa23 (size before relaxing)
 .debug_str     0x000000000000716e       0x1d build/spi.o
                                        0x99f (size before relaxing)
 .debug_str     0x000000000000718b       0x53 build/tim.o
                                        0xacc (size before relaxing)
 .debug_str     0x00000000000071de       0x4d build/usart.o
                                        0x992 (size before relaxing)
 .debug_str     0x000000000000722b       0x16 build/dma.o
                                        0x4d7 (size before relaxing)
 .debug_str     0x0000000000007241       0x2b build/main.o
                                       0x18c3 (size before relaxing)
 .debug_str     0x000000000000726c      0x1e1 /usr/lib/gcc/arm-none-eabi/6.3.1/../../../arm-none-eabi/lib/thumb/v7e-m/fpv4-sp/hard/libc_nano.a(lib_a-init.o)
                                        0x27c (size before relaxing)
 .debug_str     0x000000000000744d      0x700 /usr/lib/gcc/arm-none-eabi/6.3.1/../../../arm-none-eabi/lib/thumb/v7e-m/fpv4-sp/hard/libc_nano.a(lib_a-memset.o)
                                        0x962 (size before relaxing)
 .debug_str     0x0000000000007b4d      0xc06 /usr/lib/gcc/arm-none-eabi/6.3.1/thumb/v7e-m/fpv4-sp/hard/libgcc.a(_udivmoddi4.o)
                                        0xcf4 (size before relaxing)

.debug_frame    0x0000000000000000     0x4a64
 .debug_frame   0x0000000000000000      0x338 build/stm32l4xx_hal_adc.o
 .debug_frame   0x0000000000000338      0xa38 build/stm32l4xx_hal_i2c.o
 .debug_frame   0x0000000000000d70       0xc8 build/stm32l4xx_hal_i2c_ex.o
 .debug_frame   0x0000000000000e38      0x490 build/stm32l4xx_hal_qspi.o
 .debug_frame   0x00000000000012c8      0x4bc build/stm32l4xx_hal_sai.o
 .debug_frame   0x0000000000001784      0x680 build/stm32l4xx_hal_spi.o
 .debug_frame   0x0000000000001e04      0xce0 build/stm32l4xx_hal_tim.o
 .debug_frame   0x0000000000002ae4      0x4f4 build/stm32l4xx_hal_tim_ex.o
 .debug_frame   0x0000000000002fd8      0x670 build/stm32l4xx_hal_uart.o
 .debug_frame   0x0000000000003648      0x2b0 build/stm32l4xx_hal.o
 .debug_frame   0x00000000000038f8      0x1e0 build/stm32l4xx_hal_rcc.o
 .debug_frame   0x0000000000003ad8      0x2a8 build/stm32l4xx_hal_rcc_ex.o
 .debug_frame   0x0000000000003d80      0x120 build/stm32l4xx_hal_gpio.o
 .debug_frame   0x0000000000003ea0      0x18c build/stm32l4xx_hal_dma.o
 .debug_frame   0x000000000000402c      0x2b4 build/stm32l4xx_hal_pwr_ex.o
 .debug_frame   0x00000000000042e0      0x1c4 build/stm32l4xx_hal_cortex.o
 .debug_frame   0x00000000000044a4       0xc8 build/stm32l4xx_it.o
 .debug_frame   0x000000000000456c       0x28 build/stm32l4xx_hal_msp.o
 .debug_frame   0x0000000000004594       0x30 build/system_stm32l4xx.o
 .debug_frame   0x00000000000045c4       0x34 build/gpio.o
 .debug_frame   0x00000000000045f8       0x58 build/adc.o
 .debug_frame   0x0000000000004650       0x6c build/i2c.o
 .debug_frame   0x00000000000046bc       0x74 build/quadspi.o
 .debug_frame   0x0000000000004730       0x64 build/sai.o
 .debug_frame   0x0000000000004794       0x6c build/spi.o
 .debug_frame   0x0000000000004800       0x78 build/tim.o
 .debug_frame   0x0000000000004878       0x84 build/usart.o
 .debug_frame   0x00000000000048fc       0x28 build/dma.o
 .debug_frame   0x0000000000004924       0x7c build/main.o
 .debug_frame   0x00000000000049a0       0x2c /usr/lib/gcc/arm-none-eabi/6.3.1/../../../arm-none-eabi/lib/thumb/v7e-m/fpv4-sp/hard/libc_nano.a(lib_a-init.o)
 .debug_frame   0x00000000000049cc       0x38 /usr/lib/gcc/arm-none-eabi/6.3.1/../../../arm-none-eabi/lib/thumb/v7e-m/fpv4-sp/hard/libc_nano.a(lib_a-memset.o)
 .debug_frame   0x0000000000004a04       0x2c /usr/lib/gcc/arm-none-eabi/6.3.1/thumb/v7e-m/fpv4-sp/hard/libgcc.a(_aeabi_uldivmod.o)
 .debug_frame   0x0000000000004a30       0x34 /usr/lib/gcc/arm-none-eabi/6.3.1/thumb/v7e-m/fpv4-sp/hard/libgcc.a(_udivmoddi4.o)

Cross Reference Table

Symbol                                            File
ADC1_IRQHandler                                   build/startup_stm32l433xx.o
ADC_ConversionStop                                build/stm32l4xx_hal_adc.o
                                                  build/stm32l4xx_hal_adc_ex.o
ADC_DMAConvCplt                                   build/stm32l4xx_hal_adc.o
ADC_DMAError                                      build/stm32l4xx_hal_adc.o
ADC_DMAHalfConvCplt                               build/stm32l4xx_hal_adc.o
ADC_Disable                                       build/stm32l4xx_hal_adc.o
                                                  build/stm32l4xx_hal_adc_ex.o
ADC_Enable                                        build/stm32l4xx_hal_adc.o
                                                  build/stm32l4xx_hal_adc_ex.o
AHBPrescTable                                     build/system_stm32l4xx.o
                                                  build/stm32l4xx_hal_rcc.o
APBPrescTable                                     build/system_stm32l4xx.o
                                                  build/stm32l4xx_hal_rcc.o
BusFault_Handler                                  build/stm32l4xx_it.o
CAN1_RX0_IRQHandler                               build/startup_stm32l433xx.o
CAN1_RX1_IRQHandler                               build/startup_stm32l433xx.o
CAN1_SCE_IRQHandler                               build/startup_stm32l433xx.o
CAN1_TX_IRQHandler                                build/startup_stm32l433xx.o
COMP_IRQHandler                                   build/startup_stm32l433xx.o
CRS_IRQHandler                                    build/startup_stm32l433xx.o
DMA1_Channel1_IRQHandler                          build/startup_stm32l433xx.o
DMA1_Channel2_IRQHandler                          build/startup_stm32l433xx.o
DMA1_Channel3_IRQHandler                          build/stm32l4xx_it.o
DMA1_Channel4_IRQHandler                          build/startup_stm32l433xx.o
DMA1_Channel5_IRQHandler                          build/startup_stm32l433xx.o
DMA1_Channel6_IRQHandler                          build/startup_stm32l433xx.o
DMA1_Channel7_IRQHandler                          build/startup_stm32l433xx.o
DMA2_Channel1_IRQHandler                          build/startup_stm32l433xx.o
DMA2_Channel2_IRQHandler                          build/startup_stm32l433xx.o
DMA2_Channel3_IRQHandler                          build/startup_stm32l433xx.o
DMA2_Channel4_IRQHandler                          build/startup_stm32l433xx.o
DMA2_Channel5_IRQHandler                          build/startup_stm32l433xx.o
DMA2_Channel6_IRQHandler                          build/startup_stm32l433xx.o
DMA2_Channel7_IRQHandler                          build/startup_stm32l433xx.o
DebugMon_Handler                                  build/stm32l4xx_it.o
Default_Handler                                   build/startup_stm32l433xx.o
EXTI0_IRQHandler                                  build/startup_stm32l433xx.o
EXTI15_10_IRQHandler                              build/startup_stm32l433xx.o
EXTI1_IRQHandler                                  build/startup_stm32l433xx.o
EXTI2_IRQHandler                                  build/startup_stm32l433xx.o
EXTI3_IRQHandler                                  build/startup_stm32l433xx.o
EXTI4_IRQHandler                                  build/startup_stm32l433xx.o
EXTI9_5_IRQHandler                                build/startup_stm32l433xx.o
Error_Handler                                     build/main.o
                                                  build/usart.o
                                                  build/tim.o
                                                  build/spi.o
                                                  build/sai.o
                                                  build/quadspi.o
                                                  build/i2c.o
                                                  build/adc.o
FLASH_FlushCaches                                 build/stm32l4xx_hal_flash_ex.o
                                                  build/stm32l4xx_hal_flash.o
FLASH_IRQHandler                                  build/startup_stm32l433xx.o
FLASH_PageErase                                   build/stm32l4xx_hal_flash_ex.o
                                                  build/stm32l4xx_hal_flash.o
FLASH_WaitForLastOperation                        build/stm32l4xx_hal_flash.o
                                                  build/stm32l4xx_hal_flash_ex.o
FPU_IRQHandler                                    build/startup_stm32l433xx.o
HAL_ADCEx_Calibration_GetValue                    build/stm32l4xx_hal_adc_ex.o
HAL_ADCEx_Calibration_SetValue                    build/stm32l4xx_hal_adc_ex.o
HAL_ADCEx_Calibration_Start                       build/stm32l4xx_hal_adc_ex.o
HAL_ADCEx_DisableInjectedQueue                    build/stm32l4xx_hal_adc_ex.o
HAL_ADCEx_DisableVoltageRegulator                 build/stm32l4xx_hal_adc_ex.o
HAL_ADCEx_EnableInjectedQueue                     build/stm32l4xx_hal_adc_ex.o
HAL_ADCEx_EndOfSamplingCallback                   build/stm32l4xx_hal_adc_ex.o
                                                  build/stm32l4xx_hal_adc.o
HAL_ADCEx_EnterADCDeepPowerDownMode               build/stm32l4xx_hal_adc_ex.o
HAL_ADCEx_InjectedConfigChannel                   build/stm32l4xx_hal_adc_ex.o
HAL_ADCEx_InjectedConvCpltCallback                build/stm32l4xx_hal_adc_ex.o
                                                  build/stm32l4xx_hal_adc.o
HAL_ADCEx_InjectedGetValue                        build/stm32l4xx_hal_adc_ex.o
HAL_ADCEx_InjectedPollForConversion               build/stm32l4xx_hal_adc_ex.o
HAL_ADCEx_InjectedQueueOverflowCallback           build/stm32l4xx_hal_adc_ex.o
                                                  build/stm32l4xx_hal_adc.o
HAL_ADCEx_InjectedStart                           build/stm32l4xx_hal_adc_ex.o
HAL_ADCEx_InjectedStart_IT                        build/stm32l4xx_hal_adc_ex.o
HAL_ADCEx_InjectedStop                            build/stm32l4xx_hal_adc_ex.o
HAL_ADCEx_InjectedStop_IT                         build/stm32l4xx_hal_adc_ex.o
HAL_ADCEx_LevelOutOfWindow2Callback               build/stm32l4xx_hal_adc_ex.o
                                                  build/stm32l4xx_hal_adc.o
HAL_ADCEx_LevelOutOfWindow3Callback               build/stm32l4xx_hal_adc_ex.o
                                                  build/stm32l4xx_hal_adc.o
HAL_ADCEx_RegularStop                             build/stm32l4xx_hal_adc_ex.o
HAL_ADCEx_RegularStop_DMA                         build/stm32l4xx_hal_adc_ex.o
HAL_ADCEx_RegularStop_IT                          build/stm32l4xx_hal_adc_ex.o
HAL_ADC_AnalogWDGConfig                           build/stm32l4xx_hal_adc.o
HAL_ADC_ConfigChannel                             build/stm32l4xx_hal_adc.o
                                                  build/adc.o
HAL_ADC_ConvCpltCallback                          build/stm32l4xx_hal_adc.o
HAL_ADC_ConvHalfCpltCallback                      build/stm32l4xx_hal_adc.o
HAL_ADC_DeInit                                    build/stm32l4xx_hal_adc.o
HAL_ADC_ErrorCallback                             build/stm32l4xx_hal_adc.o
HAL_ADC_GetError                                  build/stm32l4xx_hal_adc.o
HAL_ADC_GetState                                  build/stm32l4xx_hal_adc.o
HAL_ADC_GetValue                                  build/stm32l4xx_hal_adc.o
HAL_ADC_IRQHandler                                build/stm32l4xx_hal_adc.o
HAL_ADC_Init                                      build/stm32l4xx_hal_adc.o
                                                  build/adc.o
HAL_ADC_LevelOutOfWindowCallback                  build/stm32l4xx_hal_adc.o
HAL_ADC_MspDeInit                                 build/adc.o
                                                  build/stm32l4xx_hal_adc.o
HAL_ADC_MspInit                                   build/adc.o
                                                  build/stm32l4xx_hal_adc.o
HAL_ADC_PollForConversion                         build/stm32l4xx_hal_adc.o
HAL_ADC_PollForEvent                              build/stm32l4xx_hal_adc.o
HAL_ADC_Start                                     build/stm32l4xx_hal_adc.o
HAL_ADC_Start_DMA                                 build/stm32l4xx_hal_adc.o
HAL_ADC_Start_IT                                  build/stm32l4xx_hal_adc.o
HAL_ADC_Stop                                      build/stm32l4xx_hal_adc.o
HAL_ADC_Stop_DMA                                  build/stm32l4xx_hal_adc.o
HAL_ADC_Stop_IT                                   build/stm32l4xx_hal_adc.o
HAL_DBGMCU_DisableDBGSleepMode                    build/stm32l4xx_hal.o
HAL_DBGMCU_DisableDBGStandbyMode                  build/stm32l4xx_hal.o
HAL_DBGMCU_DisableDBGStopMode                     build/stm32l4xx_hal.o
HAL_DBGMCU_EnableDBGSleepMode                     build/stm32l4xx_hal.o
HAL_DBGMCU_EnableDBGStandbyMode                   build/stm32l4xx_hal.o
HAL_DBGMCU_EnableDBGStopMode                      build/stm32l4xx_hal.o
HAL_DMA_Abort                                     build/stm32l4xx_hal_dma.o
                                                  build/stm32l4xx_hal_uart.o
                                                  build/stm32l4xx_hal_spi.o
                                                  build/stm32l4xx_hal_sai.o
                                                  build/stm32l4xx_hal_qspi.o
                                                  build/stm32l4xx_hal_adc_ex.o
                                                  build/stm32l4xx_hal_adc.o
HAL_DMA_Abort_IT                                  build/stm32l4xx_hal_dma.o
                                                  build/stm32l4xx_hal_uart.o
                                                  build/stm32l4xx_hal_tim_ex.o
                                                  build/stm32l4xx_hal_tim.o
                                                  build/stm32l4xx_hal_spi.o
                                                  build/stm32l4xx_hal_sai.o
                                                  build/stm32l4xx_hal_qspi.o
                                                  build/stm32l4xx_hal_i2c.o
HAL_DMA_DeInit                                    build/stm32l4xx_hal_dma.o
                                                  build/spi.o
HAL_DMA_GetError                                  build/stm32l4xx_hal_dma.o
                                                  build/stm32l4xx_hal_uart.o
HAL_DMA_GetState                                  build/stm32l4xx_hal_dma.o
HAL_DMA_IRQHandler                                build/stm32l4xx_hal_dma.o
                                                  build/stm32l4xx_it.o
HAL_DMA_Init                                      build/stm32l4xx_hal_dma.o
                                                  build/spi.o
HAL_DMA_PollForTransfer                           build/stm32l4xx_hal_dma.o
HAL_DMA_RegisterCallback                          build/stm32l4xx_hal_dma.o
HAL_DMA_Start                                     build/stm32l4xx_hal_dma.o
HAL_DMA_Start_IT                                  build/stm32l4xx_hal_dma.o
                                                  build/stm32l4xx_hal_uart.o
                                                  build/stm32l4xx_hal_tim_ex.o
                                                  build/stm32l4xx_hal_tim.o
                                                  build/stm32l4xx_hal_spi.o
                                                  build/stm32l4xx_hal_sai.o
                                                  build/stm32l4xx_hal_qspi.o
                                                  build/stm32l4xx_hal_i2c.o
                                                  build/stm32l4xx_hal_adc.o
HAL_DMA_UnRegisterCallback                        build/stm32l4xx_hal_dma.o
HAL_DeInit                                        build/stm32l4xx_hal.o
HAL_Delay                                         build/stm32l4xx_hal.o
HAL_EXTI_ClearConfigLine                          build/stm32l4xx_hal_exti.o
HAL_EXTI_ClearPending                             build/stm32l4xx_hal_exti.o
HAL_EXTI_GenerateSWI                              build/stm32l4xx_hal_exti.o
HAL_EXTI_GetConfigLine                            build/stm32l4xx_hal_exti.o
HAL_EXTI_GetHandle                                build/stm32l4xx_hal_exti.o
HAL_EXTI_GetPending                               build/stm32l4xx_hal_exti.o
HAL_EXTI_IRQHandler                               build/stm32l4xx_hal_exti.o
HAL_EXTI_RegisterCallback                         build/stm32l4xx_hal_exti.o
HAL_EXTI_SetConfigLine                            build/stm32l4xx_hal_exti.o
HAL_FLASHEx_DisableRunPowerDown                   build/stm32l4xx_hal_flash_ramfunc.o
HAL_FLASHEx_EnableRunPowerDown                    build/stm32l4xx_hal_flash_ramfunc.o
HAL_FLASHEx_Erase                                 build/stm32l4xx_hal_flash_ex.o
HAL_FLASHEx_Erase_IT                              build/stm32l4xx_hal_flash_ex.o
HAL_FLASHEx_OBGetConfig                           build/stm32l4xx_hal_flash_ex.o
HAL_FLASHEx_OBProgram                             build/stm32l4xx_hal_flash_ex.o
HAL_FLASH_EndOfOperationCallback                  build/stm32l4xx_hal_flash.o
HAL_FLASH_GetError                                build/stm32l4xx_hal_flash.o
HAL_FLASH_IRQHandler                              build/stm32l4xx_hal_flash.o
HAL_FLASH_Lock                                    build/stm32l4xx_hal_flash.o
HAL_FLASH_OB_Launch                               build/stm32l4xx_hal_flash.o
HAL_FLASH_OB_Lock                                 build/stm32l4xx_hal_flash.o
HAL_FLASH_OB_Unlock                               build/stm32l4xx_hal_flash.o
HAL_FLASH_OperationErrorCallback                  build/stm32l4xx_hal_flash.o
HAL_FLASH_Program                                 build/stm32l4xx_hal_flash.o
HAL_FLASH_Program_IT                              build/stm32l4xx_hal_flash.o
HAL_FLASH_Unlock                                  build/stm32l4xx_hal_flash.o
HAL_GPIO_DeInit                                   build/stm32l4xx_hal_gpio.o
                                                  build/usart.o
                                                  build/spi.o
                                                  build/sai.o
                                                  build/quadspi.o
                                                  build/i2c.o
HAL_GPIO_EXTI_Callback                            build/stm32l4xx_hal_gpio.o
HAL_GPIO_EXTI_IRQHandler                          build/stm32l4xx_hal_gpio.o
HAL_GPIO_Init                                     build/stm32l4xx_hal_gpio.o
                                                  build/usart.o
                                                  build/tim.o
                                                  build/spi.o
                                                  build/sai.o
                                                  build/quadspi.o
                                                  build/i2c.o
                                                  build/gpio.o
                                                  build/stm32l4xx_hal_rcc_ex.o
                                                  build/stm32l4xx_hal_rcc.o
HAL_GPIO_LockPin                                  build/stm32l4xx_hal_gpio.o
HAL_GPIO_ReadPin                                  build/stm32l4xx_hal_gpio.o
HAL_GPIO_TogglePin                                build/stm32l4xx_hal_gpio.o
HAL_GPIO_WritePin                                 build/stm32l4xx_hal_gpio.o
                                                  build/gpio.o
HAL_GetDEVID                                      build/stm32l4xx_hal.o
HAL_GetHalVersion                                 build/stm32l4xx_hal.o
HAL_GetREVID                                      build/stm32l4xx_hal.o
HAL_GetTick                                       build/stm32l4xx_hal.o
                                                  build/stm32l4xx_hal_dma.o
                                                  build/stm32l4xx_hal_flash.o
                                                  build/stm32l4xx_hal_rcc_ex.o
                                                  build/stm32l4xx_hal_rcc.o
                                                  build/stm32l4xx_hal_uart_ex.o
                                                  build/stm32l4xx_hal_uart.o
                                                  build/stm32l4xx_hal_spi.o
                                                  build/stm32l4xx_hal_sai.o
                                                  build/stm32l4xx_hal_qspi.o
                                                  build/stm32l4xx_hal_i2c.o
                                                  build/stm32l4xx_hal_adc_ex.o
                                                  build/stm32l4xx_hal_adc.o
HAL_GetTickFreq                                   build/stm32l4xx_hal.o
HAL_GetTickPrio                                   build/stm32l4xx_hal.o
HAL_GetUIDw0                                      build/stm32l4xx_hal.o
HAL_GetUIDw1                                      build/stm32l4xx_hal.o
HAL_GetUIDw2                                      build/stm32l4xx_hal.o
HAL_HalfDuplex_EnableReceiver                     build/stm32l4xx_hal_uart.o
HAL_HalfDuplex_EnableTransmitter                  build/stm32l4xx_hal_uart.o
HAL_HalfDuplex_Init                               build/stm32l4xx_hal_uart.o
HAL_I2CEx_ConfigAnalogFilter                      build/stm32l4xx_hal_i2c_ex.o
                                                  build/i2c.o
HAL_I2CEx_ConfigDigitalFilter                     build/stm32l4xx_hal_i2c_ex.o
                                                  build/i2c.o
HAL_I2CEx_DisableFastModePlus                     build/stm32l4xx_hal_i2c_ex.o
HAL_I2CEx_DisableWakeUp                           build/stm32l4xx_hal_i2c_ex.o
HAL_I2CEx_EnableFastModePlus                      build/stm32l4xx_hal_i2c_ex.o
HAL_I2CEx_EnableWakeUp                            build/stm32l4xx_hal_i2c_ex.o
HAL_I2C_AbortCpltCallback                         build/stm32l4xx_hal_i2c.o
HAL_I2C_AddrCallback                              build/stm32l4xx_hal_i2c.o
HAL_I2C_DeInit                                    build/stm32l4xx_hal_i2c.o
HAL_I2C_DisableListen_IT                          build/stm32l4xx_hal_i2c.o
HAL_I2C_ER_IRQHandler                             build/stm32l4xx_hal_i2c.o
HAL_I2C_EV_IRQHandler                             build/stm32l4xx_hal_i2c.o
HAL_I2C_EnableListen_IT                           build/stm32l4xx_hal_i2c.o
HAL_I2C_ErrorCallback                             build/stm32l4xx_hal_i2c.o
HAL_I2C_GetError                                  build/stm32l4xx_hal_i2c.o
HAL_I2C_GetMode                                   build/stm32l4xx_hal_i2c.o
HAL_I2C_GetState                                  build/stm32l4xx_hal_i2c.o
HAL_I2C_Init                                      build/stm32l4xx_hal_i2c.o
                                                  build/i2c.o
HAL_I2C_IsDeviceReady                             build/stm32l4xx_hal_i2c.o
HAL_I2C_ListenCpltCallback                        build/stm32l4xx_hal_i2c.o
HAL_I2C_MasterRxCpltCallback                      build/stm32l4xx_hal_i2c.o
HAL_I2C_MasterTxCpltCallback                      build/stm32l4xx_hal_i2c.o
HAL_I2C_Master_Abort_IT                           build/stm32l4xx_hal_i2c.o
HAL_I2C_Master_Receive                            build/stm32l4xx_hal_i2c.o
HAL_I2C_Master_Receive_DMA                        build/stm32l4xx_hal_i2c.o
HAL_I2C_Master_Receive_IT                         build/stm32l4xx_hal_i2c.o
HAL_I2C_Master_Seq_Receive_DMA                    build/stm32l4xx_hal_i2c.o
HAL_I2C_Master_Seq_Receive_IT                     build/stm32l4xx_hal_i2c.o
HAL_I2C_Master_Seq_Transmit_DMA                   build/stm32l4xx_hal_i2c.o
HAL_I2C_Master_Seq_Transmit_IT                    build/stm32l4xx_hal_i2c.o
HAL_I2C_Master_Transmit                           build/stm32l4xx_hal_i2c.o
HAL_I2C_Master_Transmit_DMA                       build/stm32l4xx_hal_i2c.o
HAL_I2C_Master_Transmit_IT                        build/stm32l4xx_hal_i2c.o
HAL_I2C_MemRxCpltCallback                         build/stm32l4xx_hal_i2c.o
HAL_I2C_MemTxCpltCallback                         build/stm32l4xx_hal_i2c.o
HAL_I2C_Mem_Read                                  build/stm32l4xx_hal_i2c.o
HAL_I2C_Mem_Read_DMA                              build/stm32l4xx_hal_i2c.o
HAL_I2C_Mem_Read_IT                               build/stm32l4xx_hal_i2c.o
HAL_I2C_Mem_Write                                 build/stm32l4xx_hal_i2c.o
HAL_I2C_Mem_Write_DMA                             build/stm32l4xx_hal_i2c.o
HAL_I2C_Mem_Write_IT                              build/stm32l4xx_hal_i2c.o
HAL_I2C_MspDeInit                                 build/i2c.o
                                                  build/stm32l4xx_hal_i2c.o
HAL_I2C_MspInit                                   build/i2c.o
                                                  build/stm32l4xx_hal_i2c.o
HAL_I2C_SlaveRxCpltCallback                       build/stm32l4xx_hal_i2c.o
HAL_I2C_SlaveTxCpltCallback                       build/stm32l4xx_hal_i2c.o
HAL_I2C_Slave_Receive                             build/stm32l4xx_hal_i2c.o
HAL_I2C_Slave_Receive_DMA                         build/stm32l4xx_hal_i2c.o
HAL_I2C_Slave_Receive_IT                          build/stm32l4xx_hal_i2c.o
HAL_I2C_Slave_Seq_Receive_DMA                     build/stm32l4xx_hal_i2c.o
HAL_I2C_Slave_Seq_Receive_IT                      build/stm32l4xx_hal_i2c.o
HAL_I2C_Slave_Seq_Transmit_DMA                    build/stm32l4xx_hal_i2c.o
HAL_I2C_Slave_Seq_Transmit_IT                     build/stm32l4xx_hal_i2c.o
HAL_I2C_Slave_Transmit                            build/stm32l4xx_hal_i2c.o
HAL_I2C_Slave_Transmit_DMA                        build/stm32l4xx_hal_i2c.o
HAL_I2C_Slave_Transmit_IT                         build/stm32l4xx_hal_i2c.o
HAL_IncTick                                       build/stm32l4xx_hal.o
                                                  build/stm32l4xx_it.o
HAL_Init                                          build/stm32l4xx_hal.o
                                                  build/main.o
HAL_InitTick                                      build/stm32l4xx_hal.o
                                                  build/stm32l4xx_hal_rcc.o
HAL_LIN_Init                                      build/stm32l4xx_hal_uart.o
HAL_LIN_SendBreak                                 build/stm32l4xx_hal_uart.o
HAL_MPU_ConfigRegion                              build/stm32l4xx_hal_cortex.o
HAL_MPU_Disable                                   build/stm32l4xx_hal_cortex.o
HAL_MPU_Enable                                    build/stm32l4xx_hal_cortex.o
HAL_MspDeInit                                     build/stm32l4xx_hal.o
HAL_MspInit                                       build/stm32l4xx_hal_msp.o
                                                  build/stm32l4xx_hal.o
HAL_MultiProcessorEx_AddressLength_Set            build/stm32l4xx_hal_uart_ex.o
HAL_MultiProcessor_DisableMuteMode                build/stm32l4xx_hal_uart.o
HAL_MultiProcessor_EnableMuteMode                 build/stm32l4xx_hal_uart.o
HAL_MultiProcessor_EnterMuteMode                  build/stm32l4xx_hal_uart.o
HAL_MultiProcessor_Init                           build/stm32l4xx_hal_uart.o
HAL_NVIC_ClearPendingIRQ                          build/stm32l4xx_hal_cortex.o
HAL_NVIC_DisableIRQ                               build/stm32l4xx_hal_cortex.o
HAL_NVIC_EnableIRQ                                build/stm32l4xx_hal_cortex.o
HAL_NVIC_GetActive                                build/stm32l4xx_hal_cortex.o
HAL_NVIC_GetPendingIRQ                            build/stm32l4xx_hal_cortex.o
HAL_NVIC_GetPriority                              build/stm32l4xx_hal_cortex.o
HAL_NVIC_GetPriorityGrouping                      build/stm32l4xx_hal_cortex.o
HAL_NVIC_SetPendingIRQ                            build/stm32l4xx_hal_cortex.o
HAL_NVIC_SetPriority                              build/stm32l4xx_hal_cortex.o
                                                  build/stm32l4xx_hal.o
HAL_NVIC_SetPriorityGrouping                      build/stm32l4xx_hal_cortex.o
                                                  build/stm32l4xx_hal.o
HAL_NVIC_SystemReset                              build/stm32l4xx_hal_cortex.o
HAL_PWREx_ConfigPVM                               build/stm32l4xx_hal_pwr_ex.o
HAL_PWREx_ControlVoltageScaling                   build/stm32l4xx_hal_pwr_ex.o
                                                  build/main.o
HAL_PWREx_DisableBatteryCharging                  build/stm32l4xx_hal_pwr_ex.o
HAL_PWREx_DisableGPIOPullDown                     build/stm32l4xx_hal_pwr_ex.o
HAL_PWREx_DisableGPIOPullUp                       build/stm32l4xx_hal_pwr_ex.o
HAL_PWREx_DisableInternalWakeUpLine               build/stm32l4xx_hal_pwr_ex.o
HAL_PWREx_DisableLowPowerRunMode                  build/stm32l4xx_hal_pwr_ex.o
                                                  build/stm32l4xx_hal_pwr.o
HAL_PWREx_DisablePVM1                             build/stm32l4xx_hal_pwr_ex.o
HAL_PWREx_DisablePVM3                             build/stm32l4xx_hal_pwr_ex.o
HAL_PWREx_DisablePVM4                             build/stm32l4xx_hal_pwr_ex.o
HAL_PWREx_DisablePullUpPullDownConfig             build/stm32l4xx_hal_pwr_ex.o
HAL_PWREx_DisableSRAM2ContentRetention            build/stm32l4xx_hal_pwr_ex.o
HAL_PWREx_DisableVddUSB                           build/stm32l4xx_hal_pwr_ex.o
HAL_PWREx_EnableBatteryCharging                   build/stm32l4xx_hal_pwr_ex.o
HAL_PWREx_EnableGPIOPullDown                      build/stm32l4xx_hal_pwr_ex.o
HAL_PWREx_EnableGPIOPullUp                        build/stm32l4xx_hal_pwr_ex.o
HAL_PWREx_EnableInternalWakeUpLine                build/stm32l4xx_hal_pwr_ex.o
HAL_PWREx_EnableLowPowerRunMode                   build/stm32l4xx_hal_pwr_ex.o
                                                  build/stm32l4xx_hal_pwr.o
HAL_PWREx_EnablePVM1                              build/stm32l4xx_hal_pwr_ex.o
HAL_PWREx_EnablePVM3                              build/stm32l4xx_hal_pwr_ex.o
HAL_PWREx_EnablePVM4                              build/stm32l4xx_hal_pwr_ex.o
HAL_PWREx_EnablePullUpPullDownConfig              build/stm32l4xx_hal_pwr_ex.o
HAL_PWREx_EnableSRAM2ContentRetention             build/stm32l4xx_hal_pwr_ex.o
HAL_PWREx_EnableVddUSB                            build/stm32l4xx_hal_pwr_ex.o
HAL_PWREx_EnterSHUTDOWNMode                       build/stm32l4xx_hal_pwr_ex.o
HAL_PWREx_EnterSTOP0Mode                          build/stm32l4xx_hal_pwr_ex.o
                                                  build/stm32l4xx_hal_pwr.o
HAL_PWREx_EnterSTOP1Mode                          build/stm32l4xx_hal_pwr_ex.o
                                                  build/stm32l4xx_hal_pwr.o
HAL_PWREx_EnterSTOP2Mode                          build/stm32l4xx_hal_pwr_ex.o
HAL_PWREx_GetVoltageRange                         build/stm32l4xx_hal_pwr_ex.o
                                                  build/stm32l4xx_hal_rcc.o
HAL_PWREx_PVD_PVM_IRQHandler                      build/stm32l4xx_hal_pwr_ex.o
HAL_PWREx_PVM1Callback                            build/stm32l4xx_hal_pwr_ex.o
HAL_PWREx_PVM3Callback                            build/stm32l4xx_hal_pwr_ex.o
HAL_PWREx_PVM4Callback                            build/stm32l4xx_hal_pwr_ex.o
HAL_PWR_ConfigPVD                                 build/stm32l4xx_hal_pwr.o
HAL_PWR_DeInit                                    build/stm32l4xx_hal_pwr.o
HAL_PWR_DisableBkUpAccess                         build/stm32l4xx_hal_pwr.o
                                                  build/stm32l4xx_hal_rcc_ex.o
HAL_PWR_DisablePVD                                build/stm32l4xx_hal_pwr.o
HAL_PWR_DisableSEVOnPend                          build/stm32l4xx_hal_pwr.o
HAL_PWR_DisableSleepOnExit                        build/stm32l4xx_hal_pwr.o
HAL_PWR_DisableWakeUpPin                          build/stm32l4xx_hal_pwr.o
HAL_PWR_EnableBkUpAccess                          build/stm32l4xx_hal_pwr.o
                                                  build/stm32l4xx_hal_rcc_ex.o
HAL_PWR_EnablePVD                                 build/stm32l4xx_hal_pwr.o
HAL_PWR_EnableSEVOnPend                           build/stm32l4xx_hal_pwr.o
HAL_PWR_EnableSleepOnExit                         build/stm32l4xx_hal_pwr.o
HAL_PWR_EnableWakeUpPin                           build/stm32l4xx_hal_pwr.o
HAL_PWR_EnterSLEEPMode                            build/stm32l4xx_hal_pwr.o
HAL_PWR_EnterSTANDBYMode                          build/stm32l4xx_hal_pwr.o
HAL_PWR_EnterSTOPMode                             build/stm32l4xx_hal_pwr.o
HAL_PWR_PVDCallback                               build/stm32l4xx_hal_pwr.o
                                                  build/stm32l4xx_hal_pwr_ex.o
HAL_QSPI_Abort                                    build/stm32l4xx_hal_qspi.o
HAL_QSPI_AbortCpltCallback                        build/stm32l4xx_hal_qspi.o
HAL_QSPI_Abort_IT                                 build/stm32l4xx_hal_qspi.o
HAL_QSPI_AutoPolling                              build/stm32l4xx_hal_qspi.o
HAL_QSPI_AutoPolling_IT                           build/stm32l4xx_hal_qspi.o
HAL_QSPI_CmdCpltCallback                          build/stm32l4xx_hal_qspi.o
HAL_QSPI_Command                                  build/stm32l4xx_hal_qspi.o
HAL_QSPI_Command_IT                               build/stm32l4xx_hal_qspi.o
HAL_QSPI_DeInit                                   build/stm32l4xx_hal_qspi.o
HAL_QSPI_ErrorCallback                            build/stm32l4xx_hal_qspi.o
HAL_QSPI_FifoThresholdCallback                    build/stm32l4xx_hal_qspi.o
HAL_QSPI_GetError                                 build/stm32l4xx_hal_qspi.o
HAL_QSPI_GetFifoThreshold                         build/stm32l4xx_hal_qspi.o
HAL_QSPI_GetState                                 build/stm32l4xx_hal_qspi.o
HAL_QSPI_IRQHandler                               build/stm32l4xx_hal_qspi.o
HAL_QSPI_Init                                     build/stm32l4xx_hal_qspi.o
                                                  build/quadspi.o
HAL_QSPI_MemoryMapped                             build/stm32l4xx_hal_qspi.o
HAL_QSPI_MspDeInit                                build/quadspi.o
                                                  build/stm32l4xx_hal_qspi.o
HAL_QSPI_MspInit                                  build/quadspi.o
                                                  build/stm32l4xx_hal_qspi.o
HAL_QSPI_Receive                                  build/stm32l4xx_hal_qspi.o
HAL_QSPI_Receive_DMA                              build/stm32l4xx_hal_qspi.o
HAL_QSPI_Receive_IT                               build/stm32l4xx_hal_qspi.o
HAL_QSPI_RxCpltCallback                           build/stm32l4xx_hal_qspi.o
HAL_QSPI_RxHalfCpltCallback                       build/stm32l4xx_hal_qspi.o
HAL_QSPI_SetFifoThreshold                         build/stm32l4xx_hal_qspi.o
HAL_QSPI_SetFlashID                               build/stm32l4xx_hal_qspi.o
HAL_QSPI_SetTimeout                               build/stm32l4xx_hal_qspi.o